Archive member included to satisfy reference by file (symbol)

/usr/local/Cellar/gcc-arm-none-eabi-63/20170628/bin/../lib/gcc/arm-none-eabi/6.3.1/thumb/v7e-m/libgcc.a(_aeabi_uldivmod.o)
                              CMakeFiles/STM32F401_SoftUart.elf.dir/Drivers/STM32F4xx_HAL_Driver/Src/stm32f4xx_hal_rcc.c.obj (__aeabi_uldivmod)
/usr/local/Cellar/gcc-arm-none-eabi-63/20170628/bin/../lib/gcc/arm-none-eabi/6.3.1/thumb/v7e-m/libgcc.a(_udivmoddi4.o)
                              /usr/local/Cellar/gcc-arm-none-eabi-63/20170628/bin/../lib/gcc/arm-none-eabi/6.3.1/thumb/v7e-m/libgcc.a(_aeabi_uldivmod.o) (__udivmoddi4)
/usr/local/Cellar/gcc-arm-none-eabi-63/20170628/bin/../lib/gcc/arm-none-eabi/6.3.1/thumb/v7e-m/libgcc.a(_dvmd_tls.o)
                              /usr/local/Cellar/gcc-arm-none-eabi-63/20170628/bin/../lib/gcc/arm-none-eabi/6.3.1/thumb/v7e-m/libgcc.a(_aeabi_uldivmod.o) (__aeabi_ldiv0)
/usr/local/Cellar/gcc-arm-none-eabi-63/20170628/bin/../lib/gcc/arm-none-eabi/6.3.1/../../../../arm-none-eabi/lib/thumb/v7e-m/libg_nano.a(lib_a-errno.o)
                              CMakeFiles/STM32F401_SoftUart.elf.dir/Src/syscalls.c.obj (__errno)
/usr/local/Cellar/gcc-arm-none-eabi-63/20170628/bin/../lib/gcc/arm-none-eabi/6.3.1/../../../../arm-none-eabi/lib/thumb/v7e-m/libg_nano.a(lib_a-exit.o)
                              /usr/local/Cellar/gcc-arm-none-eabi-63/20170628/bin/../lib/gcc/arm-none-eabi/6.3.1/../../../../arm-none-eabi/lib/thumb/v7e-m/crt0.o (exit)
/usr/local/Cellar/gcc-arm-none-eabi-63/20170628/bin/../lib/gcc/arm-none-eabi/6.3.1/../../../../arm-none-eabi/lib/thumb/v7e-m/libg_nano.a(lib_a-impure.o)
                              /usr/local/Cellar/gcc-arm-none-eabi-63/20170628/bin/../lib/gcc/arm-none-eabi/6.3.1/../../../../arm-none-eabi/lib/thumb/v7e-m/libg_nano.a(lib_a-exit.o) (_global_impure_ptr)
/usr/local/Cellar/gcc-arm-none-eabi-63/20170628/bin/../lib/gcc/arm-none-eabi/6.3.1/../../../../arm-none-eabi/lib/thumb/v7e-m/libg_nano.a(lib_a-init.o)
                              /usr/local/Cellar/gcc-arm-none-eabi-63/20170628/bin/../lib/gcc/arm-none-eabi/6.3.1/../../../../arm-none-eabi/lib/thumb/v7e-m/crt0.o (__libc_init_array)
/usr/local/Cellar/gcc-arm-none-eabi-63/20170628/bin/../lib/gcc/arm-none-eabi/6.3.1/../../../../arm-none-eabi/lib/thumb/v7e-m/libg_nano.a(lib_a-memset.o)
                              /usr/local/Cellar/gcc-arm-none-eabi-63/20170628/bin/../lib/gcc/arm-none-eabi/6.3.1/../../../../arm-none-eabi/lib/thumb/v7e-m/crt0.o (memset)
/usr/local/Cellar/gcc-arm-none-eabi-63/20170628/bin/../lib/gcc/arm-none-eabi/6.3.1/../../../../arm-none-eabi/lib/thumb/v7e-m/libg_nano.a(lib_a-printf.o)
                              CMakeFiles/STM32F401_SoftUart.elf.dir/Middlewares/ST/STM32_UART_EMUL_Library/Src/stm32f4xx_hal_uart_emul.c.obj (printf)
/usr/local/Cellar/gcc-arm-none-eabi-63/20170628/bin/../lib/gcc/arm-none-eabi/6.3.1/../../../../arm-none-eabi/lib/thumb/v7e-m/libg_nano.a(lib_a-findfp.o)
                              /usr/local/Cellar/gcc-arm-none-eabi-63/20170628/bin/../lib/gcc/arm-none-eabi/6.3.1/../../../../arm-none-eabi/lib/thumb/v7e-m/libg_nano.a(lib_a-printf.o) (__sinit)
/usr/local/Cellar/gcc-arm-none-eabi-63/20170628/bin/../lib/gcc/arm-none-eabi/6.3.1/../../../../arm-none-eabi/lib/thumb/v7e-m/libg_nano.a(lib_a-fwalk.o)
                              /usr/local/Cellar/gcc-arm-none-eabi-63/20170628/bin/../lib/gcc/arm-none-eabi/6.3.1/../../../../arm-none-eabi/lib/thumb/v7e-m/libg_nano.a(lib_a-findfp.o) (_fwalk)
/usr/local/Cellar/gcc-arm-none-eabi-63/20170628/bin/../lib/gcc/arm-none-eabi/6.3.1/../../../../arm-none-eabi/lib/thumb/v7e-m/libg_nano.a(lib_a-nano-mallocr.o)
                              /usr/local/Cellar/gcc-arm-none-eabi-63/20170628/bin/../lib/gcc/arm-none-eabi/6.3.1/../../../../arm-none-eabi/lib/thumb/v7e-m/libg_nano.a(lib_a-findfp.o) (_malloc_r)
/usr/local/Cellar/gcc-arm-none-eabi-63/20170628/bin/../lib/gcc/arm-none-eabi/6.3.1/../../../../arm-none-eabi/lib/thumb/v7e-m/libg_nano.a(lib_a-nano-vfprintf.o)
                              /usr/local/Cellar/gcc-arm-none-eabi-63/20170628/bin/../lib/gcc/arm-none-eabi/6.3.1/../../../../arm-none-eabi/lib/thumb/v7e-m/libg_nano.a(lib_a-printf.o) (_vfprintf_r)
/usr/local/Cellar/gcc-arm-none-eabi-63/20170628/bin/../lib/gcc/arm-none-eabi/6.3.1/../../../../arm-none-eabi/lib/thumb/v7e-m/libg_nano.a(lib_a-nano-vfprintf_i.o)
                              /usr/local/Cellar/gcc-arm-none-eabi-63/20170628/bin/../lib/gcc/arm-none-eabi/6.3.1/../../../../arm-none-eabi/lib/thumb/v7e-m/libg_nano.a(lib_a-nano-vfprintf.o) (_printf_i)
/usr/local/Cellar/gcc-arm-none-eabi-63/20170628/bin/../lib/gcc/arm-none-eabi/6.3.1/../../../../arm-none-eabi/lib/thumb/v7e-m/libg_nano.a(lib_a-sbrkr.o)
                              /usr/local/Cellar/gcc-arm-none-eabi-63/20170628/bin/../lib/gcc/arm-none-eabi/6.3.1/../../../../arm-none-eabi/lib/thumb/v7e-m/libg_nano.a(lib_a-nano-mallocr.o) (_sbrk_r)
[...]
Memory Configuration

Name             Origin             Length             Attributes
RAM              0x0000000020000000 0x0000000000018000 xrw
FLASH            0x0000000008000000 0x0000000000080000 xr
*default*        0x0000000000000000 0xffffffffffffffff

Linker script and memory map

LOAD /usr/local/Cellar/gcc-arm-none-eabi-63/20170628/bin/../lib/gcc/arm-none-eabi/6.3.1/thumb/v7e-m/crti.o
LOAD /usr/local/Cellar/gcc-arm-none-eabi-63/20170628/bin/../lib/gcc/arm-none-eabi/6.3.1/thumb/v7e-m/crtbegin.o
LOAD /usr/local/Cellar/gcc-arm-none-eabi-63/20170628/bin/../lib/gcc/arm-none-eabi/6.3.1/../../../../arm-none-eabi/lib/thumb/v7e-m/crt0.o
LOAD CMakeFiles/STM32F401_SoftUart.elf.dir/Drivers/STM32F4xx_HAL_Driver/Src/stm32f4xx_hal.c.obj
LOAD CMakeFiles/STM32F401_SoftUart.elf.dir/Drivers/STM32F4xx_HAL_Driver/Src/stm32f4xx_hal_cortex.c.obj
LOAD CMakeFiles/STM32F401_SoftUart.elf.dir/Drivers/STM32F4xx_HAL_Driver/Src/stm32f4xx_hal_dma.c.obj
LOAD CMakeFiles/STM32F401_SoftUart.elf.dir/Drivers/STM32F4xx_HAL_Driver/Src/stm32f4xx_hal_dma_ex.c.obj
LOAD CMakeFiles/STM32F401_SoftUart.elf.dir/Drivers/STM32F4xx_HAL_Driver/Src/stm32f4xx_hal_exti.c.obj
LOAD CMakeFiles/STM32F401_SoftUart.elf.dir/Drivers/STM32F4xx_HAL_Driver/Src/stm32f4xx_hal_flash.c.obj
LOAD CMakeFiles/STM32F401_SoftUart.elf.dir/Drivers/STM32F4xx_HAL_Driver/Src/stm32f4xx_hal_flash_ex.c.obj
LOAD CMakeFiles/STM32F401_SoftUart.elf.dir/Drivers/STM32F4xx_HAL_Driver/Src/stm32f4xx_hal_flash_ramfunc.c.obj
LOAD CMakeFiles/STM32F401_SoftUart.elf.dir/Drivers/STM32F4xx_HAL_Driver/Src/stm32f4xx_hal_gpio.c.obj
LOAD CMakeFiles/STM32F401_SoftUart.elf.dir/Drivers/STM32F4xx_HAL_Driver/Src/stm32f4xx_hal_pwr.c.obj
LOAD CMakeFiles/STM32F401_SoftUart.elf.dir/Drivers/STM32F4xx_HAL_Driver/Src/stm32f4xx_hal_pwr_ex.c.obj
LOAD CMakeFiles/STM32F401_SoftUart.elf.dir/Drivers/STM32F4xx_HAL_Driver/Src/stm32f4xx_hal_rcc.c.obj
LOAD CMakeFiles/STM32F401_SoftUart.elf.dir/Drivers/STM32F4xx_HAL_Driver/Src/stm32f4xx_hal_rcc_ex.c.obj
LOAD CMakeFiles/STM32F401_SoftUart.elf.dir/Drivers/STM32F4xx_HAL_Driver/Src/stm32f4xx_hal_tim.c.obj
LOAD CMakeFiles/STM32F401_SoftUart.elf.dir/Drivers/STM32F4xx_HAL_Driver/Src/stm32f4xx_hal_tim_ex.c.obj
LOAD CMakeFiles/STM32F401_SoftUart.elf.dir/Drivers/STM32F4xx_HAL_Driver/Src/stm32f4xx_hal_uart.c.obj
LOAD CMakeFiles/STM32F401_SoftUart.elf.dir/Middlewares/ST/STM32_UART_EMUL_Library/Src/stm32f4xx_hal_uart_emul.c.obj
LOAD CMakeFiles/STM32F401_SoftUart.elf.dir/Src/main.c.obj
LOAD CMakeFiles/STM32F401_SoftUart.elf.dir/Src/stm32f4xx_hal_msp.c.obj
LOAD CMakeFiles/STM32F401_SoftUart.elf.dir/Src/stm32f4xx_it.c.obj
LOAD CMakeFiles/STM32F401_SoftUart.elf.dir/Src/syscalls.c.obj
LOAD CMakeFiles/STM32F401_SoftUart.elf.dir/Src/system_stm32f4xx.c.obj
LOAD CMakeFiles/STM32F401_SoftUart.elf.dir/startup/startup_stm32f401xe.s.obj
START GROUP
LOAD /usr/local/Cellar/gcc-arm-none-eabi-63/20170628/bin/../lib/gcc/arm-none-eabi/6.3.1/thumb/v7e-m/libgcc.a
LOAD /usr/local/Cellar/gcc-arm-none-eabi-63/20170628/bin/../lib/gcc/arm-none-eabi/6.3.1/../../../../arm-none-eabi/lib/thumb/v7e-m/libg_nano.a
LOAD /usr/local/Cellar/gcc-arm-none-eabi-63/20170628/bin/../lib/gcc/arm-none-eabi/6.3.1/../../../../arm-none-eabi/lib/thumb/v7e-m/libc_nano.a
END GROUP
START GROUP
LOAD /usr/local/Cellar/gcc-arm-none-eabi-63/20170628/bin/../lib/gcc/arm-none-eabi/6.3.1/thumb/v7e-m/libgcc.a
LOAD /usr/local/Cellar/gcc-arm-none-eabi-63/20170628/bin/../lib/gcc/arm-none-eabi/6.3.1/../../../../arm-none-eabi/lib/thumb/v7e-m/libc_nano.a
LOAD /usr/local/Cellar/gcc-arm-none-eabi-63/20170628/bin/../lib/gcc/arm-none-eabi/6.3.1/../../../../arm-none-eabi/lib/thumb/v7e-m/libnosys.a
END GROUP
START GROUP
LOAD /usr/local/Cellar/gcc-arm-none-eabi-63/20170628/bin/../lib/gcc/arm-none-eabi/6.3.1/thumb/v7e-m/libgcc.a
LOAD /usr/local/Cellar/gcc-arm-none-eabi-63/20170628/bin/../lib/gcc/arm-none-eabi/6.3.1/../../../../arm-none-eabi/lib/thumb/v7e-m/libc_nano.a
LOAD /usr/local/Cellar/gcc-arm-none-eabi-63/20170628/bin/../lib/gcc/arm-none-eabi/6.3.1/../../../../arm-none-eabi/lib/thumb/v7e-m/libnosys.a
END GROUP
LOAD /usr/local/Cellar/gcc-arm-none-eabi-63/20170628/bin/../lib/gcc/arm-none-eabi/6.3.1/thumb/v7e-m/crtend.o
LOAD /usr/local/Cellar/gcc-arm-none-eabi-63/20170628/bin/../lib/gcc/arm-none-eabi/6.3.1/thumb/v7e-m/crtn.o
                0x0000000020018000                _estack = 0x20018000
                0x0000000000000200                _Min_Heap_Size = 0x200
                0x0000000000000400                _Min_Stack_Size = 0x400

.isr_vector     0x0000000008000000      0x194
                0x0000000008000000                . = ALIGN (0x4)
 *(.isr_vector)
 .isr_vector    0x0000000008000000      0x194 CMakeFiles/STM32F401_SoftUart.elf.dir/startup/startup_stm32f401xe.s.obj
                0x0000000008000000                g_pfnVectors
                0x0000000008000194                . = ALIGN (0x4)

.text           0x00000000080001a0     0x5618
                0x00000000080001a0                . = ALIGN (0x4)
 *(.text)
 .text          0x00000000080001a0       0x6c /usr/local/Cellar/gcc-arm-none-eabi-63/20170628/bin/../lib/gcc/arm-none-eabi/6.3.1/thumb/v7e-m/crtbegin.o
 .text          0x000000000800020c       0x30 /usr/local/Cellar/gcc-arm-none-eabi-63/20170628/bin/../lib/gcc/arm-none-eabi/6.3.1/thumb/v7e-m/libgcc.a(_aeabi_uldivmod.o)
                0x000000000800020c                __aeabi_uldivmod
 .text          0x000000000800023c      0x2dc /usr/local/Cellar/gcc-arm-none-eabi-63/20170628/bin/../lib/gcc/arm-none-eabi/6.3.1/thumb/v7e-m/libgcc.a(_udivmoddi4.o)
                0x000000000800023c                __udivmoddi4
 .text          0x0000000008000518        0x4 /usr/local/Cellar/gcc-arm-none-eabi-63/20170628/bin/../lib/gcc/arm-none-eabi/6.3.1/thumb/v7e-m/libgcc.a(_dvmd_tls.o)
                0x0000000008000518                __aeabi_ldiv0
                0x0000000008000518                __aeabi_idiv0
 *fill*         0x000000000800051c        0x4 
 .text          0x0000000008000520       0xa0 /usr/local/Cellar/gcc-arm-none-eabi-63/20170628/bin/../lib/gcc/arm-none-eabi/6.3.1/../../../../arm-none-eabi/lib/thumb/v7e-m/libg_nano.a(lib_a-memchr.o)
                0x0000000008000520                memchr
 *(.text*)
 .text.HAL_Init
                0x00000000080005c0       0x44 CMakeFiles/STM32F401_SoftUart.elf.dir/Drivers/STM32F4xx_HAL_Driver/Src/stm32f4xx_hal.c.obj
                0x00000000080005c0                HAL_Init
 .text.HAL_InitTick
                0x0000000008000604       0x60 CMakeFiles/STM32F401_SoftUart.elf.dir/Drivers/STM32F4xx_HAL_Driver/Src/stm32f4xx_hal.c.obj
                0x0000000008000604                HAL_InitTick
 .text.HAL_IncTick
                0x0000000008000664       0x24 CMakeFiles/STM32F401_SoftUart.elf.dir/Drivers/STM32F4xx_HAL_Driver/Src/stm32f4xx_hal.c.obj
                0x0000000008000664                HAL_IncTick
 .text.HAL_GetTick
                0x0000000008000688       0x14 CMakeFiles/STM32F401_SoftUart.elf.dir/Drivers/STM32F4xx_HAL_Driver/Src/stm32f4xx_hal.c.obj
                0x0000000008000688                HAL_GetTick
 .text.HAL_Delay
                0x000000000800069c       0x44 CMakeFiles/STM32F401_SoftUart.elf.dir/Drivers/STM32F4xx_HAL_Driver/Src/stm32f4xx_hal.c.obj
                0x000000000800069c                HAL_Delay
 .text.__NVIC_SetPriorityGrouping
                0x00000000080006e0       0x48 CMakeFiles/STM32F401_SoftUart.elf.dir/Drivers/STM32F4xx_HAL_Driver/Src/stm32f4xx_hal_cortex.c.obj
 .text.__NVIC_GetPriorityGrouping
                0x0000000008000728       0x1c CMakeFiles/STM32F401_SoftUart.elf.dir/Drivers/STM32F4xx_HAL_Driver/Src/stm32f4xx_hal_cortex.c.obj
 .text.__NVIC_EnableIRQ
                0x0000000008000744       0x38 CMakeFiles/STM32F401_SoftUart.elf.dir/Drivers/STM32F4xx_HAL_Driver/Src/stm32f4xx_hal_cortex.c.obj
 .text.__NVIC_SetPriority
                0x000000000800077c       0x54 CMakeFiles/STM32F401_SoftUart.elf.dir/Drivers/STM32F4xx_HAL_Driver/Src/stm32f4xx_hal_cortex.c.obj
 .text.NVIC_EncodePriority
                0x00000000080007d0       0x60 CMakeFiles/STM32F401_SoftUart.elf.dir/Drivers/STM32F4xx_HAL_Driver/Src/stm32f4xx_hal_cortex.c.obj
 .text.SysTick_Config
                0x0000000008000830       0x44 CMakeFiles/STM32F401_SoftUart.elf.dir/Drivers/STM32F4xx_HAL_Driver/Src/stm32f4xx_hal_cortex.c.obj
 .text.HAL_NVIC_SetPriorityGrouping
                0x0000000008000874       0x16 CMakeFiles/STM32F401_SoftUart.elf.dir/Drivers/STM32F4xx_HAL_Driver/Src/stm32f4xx_hal_cortex.c.obj
                0x0000000008000874                HAL_NVIC_SetPriorityGrouping
 .text.HAL_NVIC_SetPriority
                0x000000000800088a       0x38 CMakeFiles/STM32F401_SoftUart.elf.dir/Drivers/STM32F4xx_HAL_Driver/Src/stm32f4xx_hal_cortex.c.obj
                0x000000000800088a                HAL_NVIC_SetPriority
 .text.HAL_NVIC_EnableIRQ
                0x00000000080008c2       0x1c CMakeFiles/STM32F401_SoftUart.elf.dir/Drivers/STM32F4xx_HAL_Driver/Src/stm32f4xx_hal_cortex.c.obj
                0x00000000080008c2                HAL_NVIC_EnableIRQ
 .text.HAL_SYSTICK_Config
                0x00000000080008de       0x18 CMakeFiles/STM32F401_SoftUart.elf.dir/Drivers/STM32F4xx_HAL_Driver/Src/stm32f4xx_hal_cortex.c.obj
                0x00000000080008de                HAL_SYSTICK_Config
 *fill*         0x00000000080008f6        0x2 
 .text.HAL_DMA_Init
                0x00000000080008f8      0x15c CMakeFiles/STM32F401_SoftUart.elf.dir/Drivers/STM32F4xx_HAL_Driver/Src/stm32f4xx_hal_dma.c.obj
                0x00000000080008f8                HAL_DMA_Init
 .text.DMA_CalcBaseAndBitshift
                0x0000000008000a54       0x68 CMakeFiles/STM32F401_SoftUart.elf.dir/Drivers/STM32F4xx_HAL_Driver/Src/stm32f4xx_hal_dma.c.obj
 .text.DMA_CheckFifoParam
                0x0000000008000abc       0xf4 CMakeFiles/STM32F401_SoftUart.elf.dir/Drivers/STM32F4xx_HAL_Driver/Src/stm32f4xx_hal_dma.c.obj
 .text.HAL_GPIO_Init
                0x0000000008000bb0      0x304 CMakeFiles/STM32F401_SoftUart.elf.dir/Drivers/STM32F4xx_HAL_Driver/Src/stm32f4xx_hal_gpio.c.obj
                0x0000000008000bb0                HAL_GPIO_Init
 .text.HAL_GPIO_WritePin
                0x0000000008000eb4       0x30 CMakeFiles/STM32F401_SoftUart.elf.dir/Drivers/STM32F4xx_HAL_Driver/Src/stm32f4xx_hal_gpio.c.obj
                0x0000000008000eb4                HAL_GPIO_WritePin
 .text.HAL_GPIO_EXTI_IRQHandler
                0x0000000008000ee4       0x30 CMakeFiles/STM32F401_SoftUart.elf.dir/Drivers/STM32F4xx_HAL_Driver/Src/stm32f4xx_hal_gpio.c.obj
                0x0000000008000ee4                HAL_GPIO_EXTI_IRQHandler
 .text.HAL_RCC_OscConfig
                0x0000000008000f14      0x484 CMakeFiles/STM32F401_SoftUart.elf.dir/Drivers/STM32F4xx_HAL_Driver/Src/stm32f4xx_hal_rcc.c.obj
                0x0000000008000f14                HAL_RCC_OscConfig
 .text.HAL_RCC_ClockConfig
                0x0000000008001398      0x1c4 CMakeFiles/STM32F401_SoftUart.elf.dir/Drivers/STM32F4xx_HAL_Driver/Src/stm32f4xx_hal_rcc.c.obj
                0x0000000008001398                HAL_RCC_ClockConfig
 .text.HAL_RCC_GetSysClockFreq
                0x000000000800155c      0x1b0 CMakeFiles/STM32F401_SoftUart.elf.dir/Drivers/STM32F4xx_HAL_Driver/Src/stm32f4xx_hal_rcc.c.obj
                0x000000000800155c                HAL_RCC_GetSysClockFreq
 .text.HAL_RCC_GetHCLKFreq
                0x000000000800170c       0x14 CMakeFiles/STM32F401_SoftUart.elf.dir/Drivers/STM32F4xx_HAL_Driver/Src/stm32f4xx_hal_rcc.c.obj
                0x000000000800170c                HAL_RCC_GetHCLKFreq
 .text.HAL_RCC_GetPCLK1Freq
                0x0000000008001720       0x28 CMakeFiles/STM32F401_SoftUart.elf.dir/Drivers/STM32F4xx_HAL_Driver/Src/stm32f4xx_hal_rcc.c.obj
                0x0000000008001720                HAL_RCC_GetPCLK1Freq
 .text.HAL_RCC_GetPCLK2Freq
                0x0000000008001748       0x28 CMakeFiles/STM32F401_SoftUart.elf.dir/Drivers/STM32F4xx_HAL_Driver/Src/stm32f4xx_hal_rcc.c.obj
                0x0000000008001748                HAL_RCC_GetPCLK2Freq
 .text.HAL_TIM_Base_Init
                0x0000000008001770       0x56 CMakeFiles/STM32F401_SoftUart.elf.dir/Drivers/STM32F4xx_HAL_Driver/Src/stm32f4xx_hal_tim.c.obj
                0x0000000008001770                HAL_TIM_Base_Init
 .text.HAL_TIM_ConfigClockSource
                0x00000000080017c6      0x16e CMakeFiles/STM32F401_SoftUart.elf.dir/Drivers/STM32F4xx_HAL_Driver/Src/stm32f4xx_hal_tim.c.obj
                0x00000000080017c6                HAL_TIM_ConfigClockSource
 .text.TIM_Base_SetConfig
                0x0000000008001934       0xfc CMakeFiles/STM32F401_SoftUart.elf.dir/Drivers/STM32F4xx_HAL_Driver/Src/stm32f4xx_hal_tim.c.obj
                0x0000000008001934                TIM_Base_SetConfig
 .text.TIM_TI1_ConfigInputStage
                0x0000000008001a30       0x5c CMakeFiles/STM32F401_SoftUart.elf.dir/Drivers/STM32F4xx_HAL_Driver/Src/stm32f4xx_hal_tim.c.obj
 .text.TIM_TI2_ConfigInputStage
                0x0000000008001a8c       0x5e CMakeFiles/STM32F401_SoftUart.elf.dir/Drivers/STM32F4xx_HAL_Driver/Src/stm32f4xx_hal_tim.c.obj
 .text.TIM_ITRx_SetConfig
                0x0000000008001aea       0x34 CMakeFiles/STM32F401_SoftUart.elf.dir/Drivers/STM32F4xx_HAL_Driver/Src/stm32f4xx_hal_tim.c.obj
 .text.TIM_ETR_SetConfig
                0x0000000008001b1e       0x3e CMakeFiles/STM32F401_SoftUart.elf.dir/Drivers/STM32F4xx_HAL_Driver/Src/stm32f4xx_hal_tim.c.obj
                0x0000000008001b1e                TIM_ETR_SetConfig
 .text.TIM_CCxChannelCmd
                0x0000000008001b5c       0x48 CMakeFiles/STM32F401_SoftUart.elf.dir/Drivers/STM32F4xx_HAL_Driver/Src/stm32f4xx_hal_tim.c.obj
                0x0000000008001b5c                TIM_CCxChannelCmd
 .text.HAL_TIMEx_MasterConfigSynchronization
                0x0000000008001ba4       0x88 CMakeFiles/STM32F401_SoftUart.elf.dir/Drivers/STM32F4xx_HAL_Driver/Src/stm32f4xx_hal_tim_ex.c.obj
                0x0000000008001ba4                HAL_TIMEx_MasterConfigSynchronization
 .text.HAL_UART_Init
                0x0000000008001c2c       0x9a CMakeFiles/STM32F401_SoftUart.elf.dir/Drivers/STM32F4xx_HAL_Driver/Src/stm32f4xx_hal_uart.c.obj
                0x0000000008001c2c                HAL_UART_Init
 .text.HAL_UART_Transmit
                0x0000000008001cc6      0x130 CMakeFiles/STM32F401_SoftUart.elf.dir/Drivers/STM32F4xx_HAL_Driver/Src/stm32f4xx_hal_uart.c.obj
                0x0000000008001cc6                HAL_UART_Transmit
 .text.UART_WaitOnFlagUntilTimeout
                0x0000000008001df6       0x94 CMakeFiles/STM32F401_SoftUart.elf.dir/Drivers/STM32F4xx_HAL_Driver/Src/stm32f4xx_hal_uart.c.obj
 *fill*         0x0000000008001e8a        0x2 
 .text.UART_SetConfig
                0x0000000008001e8c      0x414 CMakeFiles/STM32F401_SoftUart.elf.dir/Drivers/STM32F4xx_HAL_Driver/Src/stm32f4xx_hal_uart.c.obj
 .text.HAL_UART_Emul_Init
                0x00000000080022a0       0x58 CMakeFiles/STM32F401_SoftUart.elf.dir/Middlewares/ST/STM32_UART_EMUL_Library/Src/stm32f4xx_hal_uart_emul.c.obj
                0x00000000080022a0                HAL_UART_Emul_Init
 .text.HAL_UART_Emul_Transmit_DMA
                0x00000000080022f8       0xf4 CMakeFiles/STM32F401_SoftUart.elf.dir/Middlewares/ST/STM32_UART_EMUL_Library/Src/stm32f4xx_hal_uart_emul.c.obj
                0x00000000080022f8                HAL_UART_Emul_Transmit_DMA
 .text.HAL_UART_Emul_Receive_DMA
                0x00000000080023ec       0xa8 CMakeFiles/STM32F401_SoftUart.elf.dir/Middlewares/ST/STM32_UART_EMUL_Library/Src/stm32f4xx_hal_uart_emul.c.obj
                0x00000000080023ec                HAL_UART_Emul_Receive_DMA
 .text.DMA2_Stream2_IRQHandler
                0x0000000008002494      0x95c CMakeFiles/STM32F401_SoftUart.elf.dir/Middlewares/ST/STM32_UART_EMUL_Library/Src/stm32f4xx_hal_uart_emul.c.obj
                0x0000000008002494                DMA2_Stream2_IRQHandler
 .text.HAL_GPIO_EXTI_Callback
                0x0000000008002df0       0xa0 CMakeFiles/STM32F401_SoftUart.elf.dir/Middlewares/ST/STM32_UART_EMUL_Library/Src/stm32f4xx_hal_uart_emul.c.obj
                0x0000000008002df0                HAL_GPIO_EXTI_Callback
 .text.DMA2_Stream1_IRQHandler
                0x0000000008002e90      0x938 CMakeFiles/STM32F401_SoftUart.elf.dir/Middlewares/ST/STM32_UART_EMUL_Library/Src/stm32f4xx_hal_uart_emul.c.obj
                0x0000000008002e90                DMA2_Stream1_IRQHandler
 .text.HAL_UART_Emul_ResetState
                0x00000000080037c8       0x1a CMakeFiles/STM32F401_SoftUart.elf.dir/Middlewares/ST/STM32_UART_EMUL_Library/Src/stm32f4xx_hal_uart_emul.c.obj
                0x00000000080037c8                HAL_UART_Emul_ResetState
 *fill*         0x00000000080037e2        0x2 
 .text.UART_Emul_DMAReceiveCplt
                0x00000000080037e4       0xdc CMakeFiles/STM32F401_SoftUart.elf.dir/Middlewares/ST/STM32_UART_EMUL_Library/Src/stm32f4xx_hal_uart_emul.c.obj
 .text.UART_Emul_ReceiveFrame
                0x00000000080038c0       0xf8 CMakeFiles/STM32F401_SoftUart.elf.dir/Middlewares/ST/STM32_UART_EMUL_Library/Src/stm32f4xx_hal_uart_emul.c.obj
 .text.UART_Emul_SetConfig
                0x00000000080039b8       0xc8 CMakeFiles/STM32F401_SoftUart.elf.dir/Middlewares/ST/STM32_UART_EMUL_Library/Src/stm32f4xx_hal_uart_emul.c.obj
 .text.UART_Emul_SetConfig_DMATx
                0x0000000008003a80       0xb4 CMakeFiles/STM32F401_SoftUart.elf.dir/Middlewares/ST/STM32_UART_EMUL_Library/Src/stm32f4xx_hal_uart_emul.c.obj
 .text.UART_Emul_SetConfig_DMARx
                0x0000000008003b34       0x94 CMakeFiles/STM32F401_SoftUart.elf.dir/Middlewares/ST/STM32_UART_EMUL_Library/Src/stm32f4xx_hal_uart_emul.c.obj
 .text.UART_Emul_ReceiveFormatFrame
                0x0000000008003bc8      0x190 CMakeFiles/STM32F401_SoftUart.elf.dir/Middlewares/ST/STM32_UART_EMUL_Library/Src/stm32f4xx_hal_uart_emul.c.obj
 .text.UART_Emul_TransmitFormatFrame
                0x0000000008003d58      0x16c CMakeFiles/STM32F401_SoftUart.elf.dir/Middlewares/ST/STM32_UART_EMUL_Library/Src/stm32f4xx_hal_uart_emul.c.obj
 .text.UART_Emul_TransmitFrame
                0x0000000008003ec4       0xd4 CMakeFiles/STM32F401_SoftUart.elf.dir/Middlewares/ST/STM32_UART_EMUL_Library/Src/stm32f4xx_hal_uart_emul.c.obj
 .text.UART_Emul_DMATransmitCplt
                0x0000000008003f98       0xec CMakeFiles/STM32F401_SoftUart.elf.dir/Middlewares/ST/STM32_UART_EMUL_Library/Src/stm32f4xx_hal_uart_emul.c.obj
 .text.UART_Emul_DMAError
                0x0000000008004084       0x4c CMakeFiles/STM32F401_SoftUart.elf.dir/Middlewares/ST/STM32_UART_EMUL_Library/Src/stm32f4xx_hal_uart_emul.c.obj
 .text.HAL_UART_Emul_ErrorCallback
                0x00000000080040d0       0x1c CMakeFiles/STM32F401_SoftUart.elf.dir/Middlewares/ST/STM32_UART_EMUL_Library/Src/stm32f4xx_hal_uart_emul.c.obj
                0x00000000080040d0                HAL_UART_Emul_ErrorCallback
 .text._write   0x00000000080040ec       0x2c CMakeFiles/STM32F401_SoftUart.elf.dir/Src/main.c.obj
                0x00000000080040ec                _write
 .text.HAL_UART_Emul_RxCpltCallback
                0x0000000008004118       0x1c CMakeFiles/STM32F401_SoftUart.elf.dir/Src/main.c.obj
                0x0000000008004118                HAL_UART_Emul_RxCpltCallback
 .text.HAL_UART_Emul_TxCpltCallback
                0x0000000008004134       0x1c CMakeFiles/STM32F401_SoftUart.elf.dir/Src/main.c.obj
                0x0000000008004134                HAL_UART_Emul_TxCpltCallback
 .text.main     0x0000000008004150       0xc8 CMakeFiles/STM32F401_SoftUart.elf.dir/Src/main.c.obj
                0x0000000008004150                main
 .text.SystemClock_Config
                0x0000000008004218       0xd8 CMakeFiles/STM32F401_SoftUart.elf.dir/Src/main.c.obj
                0x0000000008004218                SystemClock_Config
 .text.MX_TIM1_Init
                0x00000000080042f0       0xa0 CMakeFiles/STM32F401_SoftUart.elf.dir/Src/main.c.obj
 .text.MX_USART2_UART_Init
                0x0000000008004390       0x54 CMakeFiles/STM32F401_SoftUart.elf.dir/Src/main.c.obj
 .text.MX_GPIO_Init
                0x00000000080043e4      0x140 CMakeFiles/STM32F401_SoftUart.elf.dir/Src/main.c.obj
 .text.Error_Handler
                0x0000000008004524       0x14 CMakeFiles/STM32F401_SoftUart.elf.dir/Src/main.c.obj
                0x0000000008004524                Error_Handler
 .text.HAL_MspInit
                0x0000000008004538       0x50 CMakeFiles/STM32F401_SoftUart.elf.dir/Src/stm32f4xx_hal_msp.c.obj
                0x0000000008004538                HAL_MspInit
 .text.HAL_TIM_Base_MspInit
                0x0000000008004588       0x40 CMakeFiles/STM32F401_SoftUart.elf.dir/Src/stm32f4xx_hal_msp.c.obj
                0x0000000008004588                HAL_TIM_Base_MspInit
 .text.HAL_UART_MspInit
                0x00000000080045c8       0x90 CMakeFiles/STM32F401_SoftUart.elf.dir/Src/stm32f4xx_hal_msp.c.obj
                0x00000000080045c8                HAL_UART_MspInit
 .text.HAL_UART_Emul_MspInit
                0x0000000008004658       0xf0 CMakeFiles/STM32F401_SoftUart.elf.dir/Src/stm32f4xx_hal_msp.c.obj
                0x0000000008004658                HAL_UART_Emul_MspInit
 .text.NMI_Handler
                0x0000000008004748        0xc CMakeFiles/STM32F401_SoftUart.elf.dir/Src/stm32f4xx_it.c.obj
                0x0000000008004748                NMI_Handler
 .text.HardFault_Handler
                0x0000000008004754        0x6 CMakeFiles/STM32F401_SoftUart.elf.dir/Src/stm32f4xx_it.c.obj
                0x0000000008004754                HardFault_Handler
 .text.MemManage_Handler
                0x000000000800475a        0x6 CMakeFiles/STM32F401_SoftUart.elf.dir/Src/stm32f4xx_it.c.obj
                0x000000000800475a                MemManage_Handler
 .text.BusFault_Handler
                0x0000000008004760        0x6 CMakeFiles/STM32F401_SoftUart.elf.dir/Src/stm32f4xx_it.c.obj
                0x0000000008004760                BusFault_Handler
 .text.UsageFault_Handler
                0x0000000008004766        0x6 CMakeFiles/STM32F401_SoftUart.elf.dir/Src/stm32f4xx_it.c.obj
                0x0000000008004766                UsageFault_Handler
 .text.SVC_Handler
                0x000000000800476c        0xc CMakeFiles/STM32F401_SoftUart.elf.dir/Src/stm32f4xx_it.c.obj
                0x000000000800476c                SVC_Handler
 .text.DebugMon_Handler
                0x0000000008004778        0xc CMakeFiles/STM32F401_SoftUart.elf.dir/Src/stm32f4xx_it.c.obj
                0x0000000008004778                DebugMon_Handler
 .text.PendSV_Handler
                0x0000000008004784        0xc CMakeFiles/STM32F401_SoftUart.elf.dir/Src/stm32f4xx_it.c.obj
                0x0000000008004784                PendSV_Handler
 .text.SysTick_Handler
                0x0000000008004790        0xc CMakeFiles/STM32F401_SoftUart.elf.dir/Src/stm32f4xx_it.c.obj
                0x0000000008004790                SysTick_Handler
 .text.EXTI15_10_IRQHandler
                0x000000000800479c       0x10 CMakeFiles/STM32F401_SoftUart.elf.dir/Src/stm32f4xx_it.c.obj
                0x000000000800479c                EXTI15_10_IRQHandler
 .text._read    0x00000000080047ac       0x3a CMakeFiles/STM32F401_SoftUart.elf.dir/Src/syscalls.c.obj
                0x00000000080047ac                _read
 *fill*         0x00000000080047e6        0x2 
 .text._sbrk    0x00000000080047e8       0x58 CMakeFiles/STM32F401_SoftUart.elf.dir/Src/syscalls.c.obj
                0x00000000080047e8                _sbrk
 .text._close   0x0000000008004840       0x16 CMakeFiles/STM32F401_SoftUart.elf.dir/Src/syscalls.c.obj
                0x0000000008004840                _close
 .text._fstat   0x0000000008004856       0x1e CMakeFiles/STM32F401_SoftUart.elf.dir/Src/syscalls.c.obj
                0x0000000008004856                _fstat
 .text._isatty  0x0000000008004874       0x14 CMakeFiles/STM32F401_SoftUart.elf.dir/Src/syscalls.c.obj
                0x0000000008004874                _isatty
 .text._lseek   0x0000000008004888       0x18 CMakeFiles/STM32F401_SoftUart.elf.dir/Src/syscalls.c.obj
                0x0000000008004888                _lseek
 .text.SystemInit
                0x00000000080048a0       0x5c CMakeFiles/STM32F401_SoftUart.elf.dir/Src/system_stm32f4xx.c.obj
                0x00000000080048a0                SystemInit
 .text.Reset_Handler
                0x00000000080048fc       0x50 CMakeFiles/STM32F401_SoftUart.elf.dir/startup/startup_stm32f401xe.s.obj
                0x00000000080048fc                Reset_Handler
 .text.Default_Handler
                0x000000000800494c        0x2 CMakeFiles/STM32F401_SoftUart.elf.dir/startup/startup_stm32f401xe.s.obj
                0x000000000800494c                DMA1_Stream3_IRQHandler
                0x000000000800494c                EXTI2_IRQHandler
                0x000000000800494c                SPI4_IRQHandler
                0x000000000800494c                TIM1_CC_IRQHandler
                0x000000000800494c                DMA2_Stream5_IRQHandler
                0x000000000800494c                DMA1_Stream5_IRQHandler
                0x000000000800494c                PVD_IRQHandler
                0x000000000800494c                SDIO_IRQHandler
                0x000000000800494c                TAMP_STAMP_IRQHandler
                0x000000000800494c                EXTI3_IRQHandler
                0x000000000800494c                TIM1_UP_TIM10_IRQHandler
                0x000000000800494c                I2C3_ER_IRQHandler
                0x000000000800494c                EXTI0_IRQHandler
                0x000000000800494c                I2C2_EV_IRQHandler
                0x000000000800494c                DMA1_Stream2_IRQHandler
                0x000000000800494c                FPU_IRQHandler
                0x000000000800494c                SPI1_IRQHandler
                0x000000000800494c                TIM1_BRK_TIM9_IRQHandler
                0x000000000800494c                DMA2_Stream3_IRQHandler
                0x000000000800494c                USART6_IRQHandler
                0x000000000800494c                DMA2_Stream0_IRQHandler
                0x000000000800494c                TIM4_IRQHandler
                0x000000000800494c                I2C1_EV_IRQHandler
                0x000000000800494c                DMA1_Stream6_IRQHandler
                0x000000000800494c                DMA1_Stream1_IRQHandler
                0x000000000800494c                TIM3_IRQHandler
                0x000000000800494c                RCC_IRQHandler
                0x000000000800494c                Default_Handler
                0x000000000800494c                ADC_IRQHandler
                0x000000000800494c                DMA1_Stream7_IRQHandler
                0x000000000800494c                TIM5_IRQHandler
                0x000000000800494c                DMA2_Stream7_IRQHandler
                0x000000000800494c                I2C3_EV_IRQHandler
                0x000000000800494c                EXTI9_5_IRQHandler
                0x000000000800494c                RTC_WKUP_IRQHandler
                0x000000000800494c                SPI2_IRQHandler
                0x000000000800494c                DMA1_Stream0_IRQHandler
                0x000000000800494c                EXTI4_IRQHandler
                0x000000000800494c                WWDG_IRQHandler
                0x000000000800494c                TIM2_IRQHandler
                0x000000000800494c                OTG_FS_WKUP_IRQHandler
                0x000000000800494c                TIM1_TRG_COM_TIM11_IRQHandler
                0x000000000800494c                EXTI1_IRQHandler
                0x000000000800494c                USART2_IRQHandler
                0x000000000800494c                I2C2_ER_IRQHandler
                0x000000000800494c                FLASH_IRQHandler
                0x000000000800494c                DMA2_Stream4_IRQHandler
                0x000000000800494c                USART1_IRQHandler
                0x000000000800494c                OTG_FS_IRQHandler
                0x000000000800494c                SPI3_IRQHandler
                0x000000000800494c                DMA1_Stream4_IRQHandler
                0x000000000800494c                I2C1_ER_IRQHandler
                0x000000000800494c                DMA2_Stream6_IRQHandler
                0x000000000800494c                RTC_Alarm_IRQHandler
 *fill*         0x000000000800494e        0x2 
 .text.__errno  0x0000000008004950        0xc /usr/local/Cellar/gcc-arm-none-eabi-63/20170628/bin/../lib/gcc/arm-none-eabi/6.3.1/../../../../arm-none-eabi/lib/thumb/v7e-m/libg_nano.a(lib_a-errno.o)
                0x0000000008004950                __errno
 .text.__libc_init_array
                0x000000000800495c       0x48 /usr/local/Cellar/gcc-arm-none-eabi-63/20170628/bin/../lib/gcc/arm-none-eabi/6.3.1/../../../../arm-none-eabi/lib/thumb/v7e-m/libg_nano.a(lib_a-init.o)
                0x000000000800495c                __libc_init_array
 .text.memset   0x00000000080049a4       0x10 /usr/local/Cellar/gcc-arm-none-eabi-63/20170628/bin/../lib/gcc/arm-none-eabi/6.3.1/../../../../arm-none-eabi/lib/thumb/v7e-m/libg_nano.a(lib_a-memset.o)
                0x00000000080049a4                memset
 .text.printf   0x00000000080049b4       0x30 /usr/local/Cellar/gcc-arm-none-eabi-63/20170628/bin/../lib/gcc/arm-none-eabi/6.3.1/../../../../arm-none-eabi/lib/thumb/v7e-m/libg_nano.a(lib_a-printf.o)
                0x00000000080049b4                printf
                0x00000000080049b4                iprintf
 .text._cleanup_r
                0x00000000080049e4        0xc /usr/local/Cellar/gcc-arm-none-eabi-63/20170628/bin/../lib/gcc/arm-none-eabi/6.3.1/../../../../arm-none-eabi/lib/thumb/v7e-m/libg_nano.a(lib_a-findfp.o)
                0x00000000080049e4                _cleanup_r
 .text.std.isra.0
                0x00000000080049f0       0x48 /usr/local/Cellar/gcc-arm-none-eabi-63/20170628/bin/../lib/gcc/arm-none-eabi/6.3.1/../../../../arm-none-eabi/lib/thumb/v7e-m/libg_nano.a(lib_a-findfp.o)
 .text.__sfmoreglue
                0x0000000008004a38       0x2c /usr/local/Cellar/gcc-arm-none-eabi-63/20170628/bin/../lib/gcc/arm-none-eabi/6.3.1/../../../../arm-none-eabi/lib/thumb/v7e-m/libg_nano.a(lib_a-findfp.o)
                0x0000000008004a38                __sfmoreglue
 .text.__sinit  0x0000000008004a64       0x60 /usr/local/Cellar/gcc-arm-none-eabi-63/20170628/bin/../lib/gcc/arm-none-eabi/6.3.1/../../../../arm-none-eabi/lib/thumb/v7e-m/libg_nano.a(lib_a-findfp.o)
                0x0000000008004a64                __sinit
 .text.__sfp    0x0000000008004ac4       0x78 /usr/local/Cellar/gcc-arm-none-eabi-63/20170628/bin/../lib/gcc/arm-none-eabi/6.3.1/../../../../arm-none-eabi/lib/thumb/v7e-m/libg_nano.a(lib_a-findfp.o)
                0x0000000008004ac4                __sfp
 .text._fwalk_reent
                0x0000000008004b3c       0x3c /usr/local/Cellar/gcc-arm-none-eabi-63/20170628/bin/../lib/gcc/arm-none-eabi/6.3.1/../../../../arm-none-eabi/lib/thumb/v7e-m/libg_nano.a(lib_a-fwalk.o)
                0x0000000008004b3c                _fwalk_reent
 .text._malloc_r
                0x0000000008004b78       0xbc /usr/local/Cellar/gcc-arm-none-eabi-63/20170628/bin/../lib/gcc/arm-none-eabi/6.3.1/../../../../arm-none-eabi/lib/thumb/v7e-m/libg_nano.a(lib_a-nano-mallocr.o)
                0x0000000008004b78                _malloc_r
 .text.__sfputc_r
                0x0000000008004c34       0x2c /usr/local/Cellar/gcc-arm-none-eabi-63/20170628/bin/../lib/gcc/arm-none-eabi/6.3.1/../../../../arm-none-eabi/lib/thumb/v7e-m/libg_nano.a(lib_a-nano-vfprintf.o)
 .text.__sfputs_r
                0x0000000008004c60       0x24 /usr/local/Cellar/gcc-arm-none-eabi-63/20170628/bin/../lib/gcc/arm-none-eabi/6.3.1/../../../../arm-none-eabi/lib/thumb/v7e-m/libg_nano.a(lib_a-nano-vfprintf.o)
                0x0000000008004c60                __sfputs_r
 .text._vfprintf_r
                0x0000000008004c84      0x22c /usr/local/Cellar/gcc-arm-none-eabi-63/20170628/bin/../lib/gcc/arm-none-eabi/6.3.1/../../../../arm-none-eabi/lib/thumb/v7e-m/libg_nano.a(lib_a-nano-vfprintf.o)
                0x0000000008004c84                _vfiprintf_r
                0x0000000008004c84                _vfprintf_r
 .text._printf_common
                0x0000000008004eb0       0xec /usr/local/Cellar/gcc-arm-none-eabi-63/20170628/bin/../lib/gcc/arm-none-eabi/6.3.1/../../../../arm-none-eabi/lib/thumb/v7e-m/libg_nano.a(lib_a-nano-vfprintf_i.o)
                0x0000000008004eb0                _printf_common
 .text._printf_i
                0x0000000008004f9c      0x240 /usr/local/Cellar/gcc-arm-none-eabi-63/20170628/bin/../lib/gcc/arm-none-eabi/6.3.1/../../../../arm-none-eabi/lib/thumb/v7e-m/libg_nano.a(lib_a-nano-vfprintf_i.o)
                0x0000000008004f9c                _printf_i
 .text._sbrk_r  0x00000000080051dc       0x20 /usr/local/Cellar/gcc-arm-none-eabi-63/20170628/bin/../lib/gcc/arm-none-eabi/6.3.1/../../../../arm-none-eabi/lib/thumb/v7e-m/libg_nano.a(lib_a-sbrkr.o)
                0x00000000080051dc                _sbrk_r
 .text.__sread  0x00000000080051fc       0x22 /usr/local/Cellar/gcc-arm-none-eabi-63/20170628/bin/../lib/gcc/arm-none-eabi/6.3.1/../../../../arm-none-eabi/lib/thumb/v7e-m/libg_nano.a(lib_a-stdio.o)
                0x00000000080051fc                __sread
 .text.__swrite
                0x000000000800521e       0x38 /usr/local/Cellar/gcc-arm-none-eabi-63/20170628/bin/../lib/gcc/arm-none-eabi/6.3.1/../../../../arm-none-eabi/lib/thumb/v7e-m/libg_nano.a(lib_a-stdio.o)
                0x000000000800521e                __swrite
 .text.__sseek  0x0000000008005256       0x24 /usr/local/Cellar/gcc-arm-none-eabi-63/20170628/bin/../lib/gcc/arm-none-eabi/6.3.1/../../../../arm-none-eabi/lib/thumb/v7e-m/libg_nano.a(lib_a-stdio.o)
                0x0000000008005256                __sseek
 .text.__sclose
                0x000000000800527a        0x8 /usr/local/Cellar/gcc-arm-none-eabi-63/20170628/bin/../lib/gcc/arm-none-eabi/6.3.1/../../../../arm-none-eabi/lib/thumb/v7e-m/libg_nano.a(lib_a-stdio.o)
                0x000000000800527a                __sclose
 *fill*         0x0000000008005282        0x2 
 .text.__swbuf_r
                0x0000000008005284       0xa4 /usr/local/Cellar/gcc-arm-none-eabi-63/20170628/bin/../lib/gcc/arm-none-eabi/6.3.1/../../../../arm-none-eabi/lib/thumb/v7e-m/libg_nano.a(lib_a-wbuf.o)
                0x0000000008005284                __swbuf_r
 .text._write_r
                0x0000000008005328       0x24 /usr/local/Cellar/gcc-arm-none-eabi-63/20170628/bin/../lib/gcc/arm-none-eabi/6.3.1/../../../../arm-none-eabi/lib/thumb/v7e-m/libg_nano.a(lib_a-writer.o)
                0x0000000008005328                _write_r
 .text.__swsetup_r
                0x000000000800534c       0xdc /usr/local/Cellar/gcc-arm-none-eabi-63/20170628/bin/../lib/gcc/arm-none-eabi/6.3.1/../../../../arm-none-eabi/lib/thumb/v7e-m/libg_nano.a(lib_a-wsetup.o)
                0x000000000800534c                __swsetup_r
 .text._close_r
                0x0000000008005428       0x20 /usr/local/Cellar/gcc-arm-none-eabi-63/20170628/bin/../lib/gcc/arm-none-eabi/6.3.1/../../../../arm-none-eabi/lib/thumb/v7e-m/libg_nano.a(lib_a-closer.o)
                0x0000000008005428                _close_r
 .text.__sflush_r
                0x0000000008005448      0x110 /usr/local/Cellar/gcc-arm-none-eabi-63/20170628/bin/../lib/gcc/arm-none-eabi/6.3.1/../../../../arm-none-eabi/lib/thumb/v7e-m/libg_nano.a(lib_a-fflush.o)
                0x0000000008005448                __sflush_r
 .text._fflush_r
                0x0000000008005558       0x54 /usr/local/Cellar/gcc-arm-none-eabi-63/20170628/bin/../lib/gcc/arm-none-eabi/6.3.1/../../../../arm-none-eabi/lib/thumb/v7e-m/libg_nano.a(lib_a-fflush.o)
                0x0000000008005558                _fflush_r
 .text._lseek_r
                0x00000000080055ac       0x24 /usr/local/Cellar/gcc-arm-none-eabi-63/20170628/bin/../lib/gcc/arm-none-eabi/6.3.1/../../../../arm-none-eabi/lib/thumb/v7e-m/libg_nano.a(lib_a-lseekr.o)
                0x00000000080055ac                _lseek_r
 .text.__swhatbuf_r
                0x00000000080055d0       0x48 /usr/local/Cellar/gcc-arm-none-eabi-63/20170628/bin/../lib/gcc/arm-none-eabi/6.3.1/../../../../arm-none-eabi/lib/thumb/v7e-m/libg_nano.a(lib_a-makebuf.o)
                0x00000000080055d0                __swhatbuf_r
 .text.__smakebuf_r
                0x0000000008005618       0x80 /usr/local/Cellar/gcc-arm-none-eabi-63/20170628/bin/../lib/gcc/arm-none-eabi/6.3.1/../../../../arm-none-eabi/lib/thumb/v7e-m/libg_nano.a(lib_a-makebuf.o)
                0x0000000008005618                __smakebuf_r
 .text.__malloc_lock
                0x0000000008005698        0x2 /usr/local/Cellar/gcc-arm-none-eabi-63/20170628/bin/../lib/gcc/arm-none-eabi/6.3.1/../../../../arm-none-eabi/lib/thumb/v7e-m/libg_nano.a(lib_a-mlock.o)
                0x0000000008005698                __malloc_lock
 .text.__malloc_unlock
                0x000000000800569a        0x2 /usr/local/Cellar/gcc-arm-none-eabi-63/20170628/bin/../lib/gcc/arm-none-eabi/6.3.1/../../../../arm-none-eabi/lib/thumb/v7e-m/libg_nano.a(lib_a-mlock.o)
                0x000000000800569a                __malloc_unlock
 .text._free_r  0x000000000800569c       0x9c /usr/local/Cellar/gcc-arm-none-eabi-63/20170628/bin/../lib/gcc/arm-none-eabi/6.3.1/../../../../arm-none-eabi/lib/thumb/v7e-m/libg_nano.a(lib_a-nano-freer.o)
                0x000000000800569c                _free_r
 .text._read_r  0x0000000008005738       0x24 /usr/local/Cellar/gcc-arm-none-eabi-63/20170628/bin/../lib/gcc/arm-none-eabi/6.3.1/../../../../arm-none-eabi/lib/thumb/v7e-m/libg_nano.a(lib_a-readr.o)
                0x0000000008005738                _read_r
 .text._fstat_r
                0x000000000800575c       0x24 /usr/local/Cellar/gcc-arm-none-eabi-63/20170628/bin/../lib/gcc/arm-none-eabi/6.3.1/../../../../arm-none-eabi/lib/thumb/v7e-m/libg_nano.a(lib_a-fstatr.o)
                0x000000000800575c                _fstat_r
 .text._isatty_r
                0x0000000008005780       0x20 /usr/local/Cellar/gcc-arm-none-eabi-63/20170628/bin/../lib/gcc/arm-none-eabi/6.3.1/../../../../arm-none-eabi/lib/thumb/v7e-m/libg_nano.a(lib_a-isattyr.o)
                0x0000000008005780                _isatty_r
 *(.glue_7)
 .glue_7        0x00000000080057a0        0x0 linker stubs
 *(.glue_7t)
 .glue_7t       0x00000000080057a0        0x0 linker stubs
 *(.eh_frame)
 .eh_frame      0x00000000080057a0        0x0 /usr/local/Cellar/gcc-arm-none-eabi-63/20170628/bin/../lib/gcc/arm-none-eabi/6.3.1/thumb/v7e-m/crtbegin.o
 *(.init)
 .init          0x00000000080057a0        0x4 /usr/local/Cellar/gcc-arm-none-eabi-63/20170628/bin/../lib/gcc/arm-none-eabi/6.3.1/thumb/v7e-m/crti.o
                0x00000000080057a0                _init
 .init          0x00000000080057a4        0x8 /usr/local/Cellar/gcc-arm-none-eabi-63/20170628/bin/../lib/gcc/arm-none-eabi/6.3.1/thumb/v7e-m/crtn.o
 *(.fini)
 .fini          0x00000000080057ac        0x4 /usr/local/Cellar/gcc-arm-none-eabi-63/20170628/bin/../lib/gcc/arm-none-eabi/6.3.1/thumb/v7e-m/crti.o
                0x00000000080057ac                _fini
 .fini          0x00000000080057b0        0x8 /usr/local/Cellar/gcc-arm-none-eabi-63/20170628/bin/../lib/gcc/arm-none-eabi/6.3.1/thumb/v7e-m/crtn.o
                0x00000000080057b8                . = ALIGN (0x4)
                0x00000000080057b8                _etext = .

.vfp11_veneer   0x00000000080057b8        0x0
 .vfp11_veneer  0x00000000080057b8        0x0 linker stubs

.v4_bx          0x00000000080057b8        0x0
 .v4_bx         0x00000000080057b8        0x0 linker stubs

.iplt           0x00000000080057b8        0x0
 .iplt          0x00000000080057b8        0x0 /usr/local/Cellar/gcc-arm-none-eabi-63/20170628/bin/../lib/gcc/arm-none-eabi/6.3.1/thumb/v7e-m/crtbegin.o

.rodata         0x00000000080057b8      0x120
                0x00000000080057b8                . = ALIGN (0x4)
 *(.rodata)
 .rodata        0x00000000080057b8       0x1e CMakeFiles/STM32F401_SoftUart.elf.dir/Middlewares/ST/STM32_UART_EMUL_Library/Src/stm32f4xx_hal_uart_emul.c.obj
 *fill*         0x00000000080057d6        0x2 
 .rodata        0x00000000080057d8       0x48 CMakeFiles/STM32F401_SoftUart.elf.dir/Src/main.c.obj
 *(.rodata*)
 .rodata.flagBitshiftOffset.6681
                0x0000000008005820        0x8 CMakeFiles/STM32F401_SoftUart.elf.dir/Drivers/STM32F4xx_HAL_Driver/Src/stm32f4xx_hal_dma.c.obj
 .rodata.AHBPrescTable
                0x0000000008005828       0x10 CMakeFiles/STM32F401_SoftUart.elf.dir/Src/system_stm32f4xx.c.obj
                0x0000000008005828                AHBPrescTable
 .rodata.APBPrescTable
                0x0000000008005838        0x8 CMakeFiles/STM32F401_SoftUart.elf.dir/Src/system_stm32f4xx.c.obj
                0x0000000008005838                APBPrescTable
 .rodata._global_impure_ptr
                0x0000000008005840        0x4 /usr/local/Cellar/gcc-arm-none-eabi-63/20170628/bin/../lib/gcc/arm-none-eabi/6.3.1/../../../../arm-none-eabi/lib/thumb/v7e-m/libg_nano.a(lib_a-impure.o)
                0x0000000008005840                _global_impure_ptr
 .rodata.__sf_fake_stderr
                0x0000000008005844       0x20 /usr/local/Cellar/gcc-arm-none-eabi-63/20170628/bin/../lib/gcc/arm-none-eabi/6.3.1/../../../../arm-none-eabi/lib/thumb/v7e-m/libg_nano.a(lib_a-findfp.o)
                0x0000000008005844                __sf_fake_stderr
 .rodata.__sf_fake_stdin
                0x0000000008005864       0x20 /usr/local/Cellar/gcc-arm-none-eabi-63/20170628/bin/../lib/gcc/arm-none-eabi/6.3.1/../../../../arm-none-eabi/lib/thumb/v7e-m/libg_nano.a(lib_a-findfp.o)
                0x0000000008005864                __sf_fake_stdin
 .rodata.__sf_fake_stdout
                0x0000000008005884       0x20 /usr/local/Cellar/gcc-arm-none-eabi-63/20170628/bin/../lib/gcc/arm-none-eabi/6.3.1/../../../../arm-none-eabi/lib/thumb/v7e-m/libg_nano.a(lib_a-findfp.o)
                0x0000000008005884                __sf_fake_stdout
 .rodata._vfprintf_r.str1.1
                0x00000000080058a4       0x11 /usr/local/Cellar/gcc-arm-none-eabi-63/20170628/bin/../lib/gcc/arm-none-eabi/6.3.1/../../../../arm-none-eabi/lib/thumb/v7e-m/libg_nano.a(lib_a-nano-vfprintf.o)
 .rodata._printf_i.str1.1
                0x00000000080058b5       0x22 /usr/local/Cellar/gcc-arm-none-eabi-63/20170628/bin/../lib/gcc/arm-none-eabi/6.3.1/../../../../arm-none-eabi/lib/thumb/v7e-m/libg_nano.a(lib_a-nano-vfprintf_i.o)
                0x00000000080058d8                . = ALIGN (0x4)
 *fill*         0x00000000080058d7        0x1 

.ARM.extab
 *(.ARM.extab* .gnu.linkonce.armextab.*)

.ARM            0x00000000080058d8        0x8
                0x00000000080058d8                __exidx_start = .
 *(.ARM.exidx*)
 .ARM.exidx     0x00000000080058d8        0x8 /usr/local/Cellar/gcc-arm-none-eabi-63/20170628/bin/../lib/gcc/arm-none-eabi/6.3.1/thumb/v7e-m/libgcc.a(_udivmoddi4.o)
                0x00000000080058e0                __exidx_end = .

.rel.dyn        0x00000000080058e0        0x0
 .rel.iplt      0x00000000080058e0        0x0 /usr/local/Cellar/gcc-arm-none-eabi-63/20170628/bin/../lib/gcc/arm-none-eabi/6.3.1/thumb/v7e-m/crtbegin.o

.preinit_array  0x00000000080058e0        0x0
                0x00000000080058e0                PROVIDE (__preinit_array_start, .)
 *(.preinit_array*)
                0x00000000080058e0                PROVIDE (__preinit_array_end, .)

.init_array     0x00000000080058e0        0x4
                0x00000000080058e0                PROVIDE (__init_array_start, .)
 *(SORT(.init_array.*))
 *(.init_array*)
 .init_array    0x00000000080058e0        0x4 /usr/local/Cellar/gcc-arm-none-eabi-63/20170628/bin/../lib/gcc/arm-none-eabi/6.3.1/thumb/v7e-m/crtbegin.o
                0x00000000080058e4                PROVIDE (__init_array_end, .)

.fini_array     0x00000000080058e4        0x4
                [!provide]                        PROVIDE (__fini_array_start, .)
 *(SORT(.fini_array.*))
 *(.fini_array*)
 .fini_array    0x00000000080058e4        0x4 /usr/local/Cellar/gcc-arm-none-eabi-63/20170628/bin/../lib/gcc/arm-none-eabi/6.3.1/thumb/v7e-m/crtbegin.o
                [!provide]                        PROVIDE (__fini_array_end, .)
                0x00000000080058e8                _sidata = LOADADDR (.data)

.data           0x0000000020000000       0x84 load address 0x00000000080058e8
                0x0000000020000000                . = ALIGN (0x4)
                0x0000000020000000                _sdata = .
 *(.data)
 *(.data*)
 .data.uwTickPrio
                0x0000000020000000        0x4 CMakeFiles/STM32F401_SoftUart.elf.dir/Drivers/STM32F4xx_HAL_Driver/Src/stm32f4xx_hal.c.obj
                0x0000000020000000                uwTickPrio
 .data.uwTickFreq
                0x0000000020000004        0x1 CMakeFiles/STM32F401_SoftUart.elf.dir/Drivers/STM32F4xx_HAL_Driver/Src/stm32f4xx_hal.c.obj
                0x0000000020000004                uwTickFreq
 *fill*         0x0000000020000005        0x3 
 .data.aTxBuffer
                0x0000000020000008       0x12 CMakeFiles/STM32F401_SoftUart.elf.dir/Src/main.c.obj
                0x0000000020000008                aTxBuffer
 *fill*         0x000000002000001a        0x2 
 .data.SystemCoreClock
                0x000000002000001c        0x4 CMakeFiles/STM32F401_SoftUart.elf.dir/Src/system_stm32f4xx.c.obj
                0x000000002000001c                SystemCoreClock
 .data._impure_ptr
                0x0000000020000020        0x4 /usr/local/Cellar/gcc-arm-none-eabi-63/20170628/bin/../lib/gcc/arm-none-eabi/6.3.1/../../../../arm-none-eabi/lib/thumb/v7e-m/libg_nano.a(lib_a-impure.o)
                0x0000000020000020                _impure_ptr
 .data.impure_data
                0x0000000020000024       0x60 /usr/local/Cellar/gcc-arm-none-eabi-63/20170628/bin/../lib/gcc/arm-none-eabi/6.3.1/../../../../arm-none-eabi/lib/thumb/v7e-m/libg_nano.a(lib_a-impure.o)
                0x0000000020000084                . = ALIGN (0x4)
                0x0000000020000084                _edata = .

.jcr            0x0000000020000084        0x0 load address 0x000000000800596c
 .jcr           0x0000000020000084        0x0 /usr/local/Cellar/gcc-arm-none-eabi-63/20170628/bin/../lib/gcc/arm-none-eabi/6.3.1/thumb/v7e-m/crtbegin.o

.igot.plt       0x0000000020000084        0x0 load address 0x000000000800596c
 .igot.plt      0x0000000020000084        0x0 /usr/local/Cellar/gcc-arm-none-eabi-63/20170628/bin/../lib/gcc/arm-none-eabi/6.3.1/thumb/v7e-m/crtbegin.o
                0x0000000020000084                . = ALIGN (0x4)

.bss            0x0000000020000084      0x2b8 load address 0x000000000800596c
                0x0000000020000084                _sbss = .
                0x0000000020000084                __bss_start__ = _sbss
 *(.bss)
 .bss           0x0000000020000084       0x1c /usr/local/Cellar/gcc-arm-none-eabi-63/20170628/bin/../lib/gcc/arm-none-eabi/6.3.1/thumb/v7e-m/crtbegin.o
 *(.bss*)
 .bss.uwTick    0x00000000200000a0        0x4 CMakeFiles/STM32F401_SoftUart.elf.dir/Drivers/STM32F4xx_HAL_Driver/Src/stm32f4xx_hal.c.obj
                0x00000000200000a0                uwTick
 .bss.hdma_tx   0x00000000200000a4       0x60 CMakeFiles/STM32F401_SoftUart.elf.dir/Middlewares/ST/STM32_UART_EMUL_Library/Src/stm32f4xx_hal_uart_emul.c.obj
 .bss.hdma_rx   0x0000000020000104       0x60 CMakeFiles/STM32F401_SoftUart.elf.dir/Middlewares/ST/STM32_UART_EMUL_Library/Src/stm32f4xx_hal_uart_emul.c.obj
 .bss.TimHandle
                0x0000000020000164       0x40 CMakeFiles/STM32F401_SoftUart.elf.dir/Middlewares/ST/STM32_UART_EMUL_Library/Src/stm32f4xx_hal_uart_emul.c.obj
 .bss.huart_emul
                0x00000000200001a4        0x4 CMakeFiles/STM32F401_SoftUart.elf.dir/Middlewares/ST/STM32_UART_EMUL_Library/Src/stm32f4xx_hal_uart_emul.c.obj
 .bss.pFirstBuffer_Rx
                0x00000000200001a8       0x30 CMakeFiles/STM32F401_SoftUart.elf.dir/Middlewares/ST/STM32_UART_EMUL_Library/Src/stm32f4xx_hal_uart_emul.c.obj
 .bss.pSecondBuffer_Rx
                0x00000000200001d8       0x30 CMakeFiles/STM32F401_SoftUart.elf.dir/Middlewares/ST/STM32_UART_EMUL_Library/Src/stm32f4xx_hal_uart_emul.c.obj
 .bss.pFirstBuffer_Tx
                0x0000000020000208       0x30 CMakeFiles/STM32F401_SoftUart.elf.dir/Middlewares/ST/STM32_UART_EMUL_Library/Src/stm32f4xx_hal_uart_emul.c.obj
 .bss.pSecondBuffer_Tx
                0x0000000020000238       0x30 CMakeFiles/STM32F401_SoftUart.elf.dir/Middlewares/ST/STM32_UART_EMUL_Library/Src/stm32f4xx_hal_uart_emul.c.obj
 .bss.htim1     0x0000000020000268       0x40 CMakeFiles/STM32F401_SoftUart.elf.dir/Src/main.c.obj
                0x0000000020000268                htim1
 .bss.huart2    0x00000000200002a8       0x40 CMakeFiles/STM32F401_SoftUart.elf.dir/Src/main.c.obj
                0x00000000200002a8                huart2
 .bss.UartEmulHandle
                0x00000000200002e8       0x30 CMakeFiles/STM32F401_SoftUart.elf.dir/Src/main.c.obj
                0x00000000200002e8                UartEmulHandle
 .bss.aRxBuffer
                0x0000000020000318       0x11 CMakeFiles/STM32F401_SoftUart.elf.dir/Src/main.c.obj
                0x0000000020000318                aRxBuffer
 *fill*         0x0000000020000329        0x3 
 .bss.heap_end.5879
                0x000000002000032c        0x4 CMakeFiles/STM32F401_SoftUart.elf.dir/Src/syscalls.c.obj
 .bss.__malloc_free_list
                0x0000000020000330        0x4 /usr/local/Cellar/gcc-arm-none-eabi-63/20170628/bin/../lib/gcc/arm-none-eabi/6.3.1/../../../../arm-none-eabi/lib/thumb/v7e-m/libg_nano.a(lib_a-nano-mallocr.o)
                0x0000000020000330                __malloc_free_list
 .bss.__malloc_sbrk_start
                0x0000000020000334        0x4 /usr/local/Cellar/gcc-arm-none-eabi-63/20170628/bin/../lib/gcc/arm-none-eabi/6.3.1/../../../../arm-none-eabi/lib/thumb/v7e-m/libg_nano.a(lib_a-nano-mallocr.o)
                0x0000000020000334                __malloc_sbrk_start
 *(COMMON)
 COMMON         0x0000000020000338        0x4 /usr/local/Cellar/gcc-arm-none-eabi-63/20170628/bin/../lib/gcc/arm-none-eabi/6.3.1/../../../../arm-none-eabi/lib/thumb/v7e-m/libg_nano.a(lib_a-reent.o)
                0x0000000020000338                errno
                0x000000002000033c                . = ALIGN (0x4)
                0x000000002000033c                _ebss = .
                0x000000002000033c                __bss_end__ = _ebss

._user_heap_stack
                0x000000002000033c      0x604 load address 0x000000000800596c
                0x0000000020000340                . = ALIGN (0x8)
 *fill*         0x000000002000033c        0x4 
                0x0000000020000340                PROVIDE (end, .)
                [!provide]                        PROVIDE (_end, .)
                0x0000000020000540                . = (. + _Min_Heap_Size)
 *fill*         0x0000000020000340      0x200 
                0x0000000020000940                . = (. + _Min_Stack_Size)
 *fill*         0x0000000020000540      0x400 
                0x0000000020000940                . = ALIGN (0x8)

/DISCARD/
 libc.a(*)
 libm.a(*)
 libgcc.a(*)

.ARM.attributes
                0x0000000000000000       0x2a
 *(.ARM.attributes)
 .ARM.attributes
                0x0000000000000000       0x1e /usr/local/Cellar/gcc-arm-none-eabi-63/20170628/bin/../lib/gcc/arm-none-eabi/6.3.1/thumb/v7e-m/crti.o
 .ARM.attributes
                0x000000000000001e       0x2e /usr/local/Cellar/gcc-arm-none-eabi-63/20170628/bin/../lib/gcc/arm-none-eabi/6.3.1/thumb/v7e-m/crtbegin.o
 .ARM.attributes
                0x000000000000004c       0x33 CMakeFiles/STM32F401_SoftUart.elf.dir/Drivers/STM32F4xx_HAL_Driver/Src/stm32f4xx_hal.c.obj
 .ARM.attributes
                0x000000000000007f       0x33 CMakeFiles/STM32F401_SoftUart.elf.dir/Drivers/STM32F4xx_HAL_Driver/Src/stm32f4xx_hal_cortex.c.obj
 .ARM.attributes
                0x00000000000000b2       0x33 CMakeFiles/STM32F401_SoftUart.elf.dir/Drivers/STM32F4xx_HAL_Driver/Src/stm32f4xx_hal_dma.c.obj
 .ARM.attributes
                0x00000000000000e5       0x33 CMakeFiles/STM32F401_SoftUart.elf.dir/Drivers/STM32F4xx_HAL_Driver/Src/stm32f4xx_hal_gpio.c.obj
 .ARM.attributes
                0x0000000000000118       0x33 CMakeFiles/STM32F401_SoftUart.elf.dir/Drivers/STM32F4xx_HAL_Driver/Src/stm32f4xx_hal_rcc.c.obj
 .ARM.attributes
                0x000000000000014b       0x33 CMakeFiles/STM32F401_SoftUart.elf.dir/Drivers/STM32F4xx_HAL_Driver/Src/stm32f4xx_hal_tim.c.obj
 .ARM.attributes
                0x000000000000017e       0x33 CMakeFiles/STM32F401_SoftUart.elf.dir/Drivers/STM32F4xx_HAL_Driver/Src/stm32f4xx_hal_tim_ex.c.obj
 .ARM.attributes
                0x00000000000001b1       0x33 CMakeFiles/STM32F401_SoftUart.elf.dir/Drivers/STM32F4xx_HAL_Driver/Src/stm32f4xx_hal_uart.c.obj
 .ARM.attributes
                0x00000000000001e4       0x33 CMakeFiles/STM32F401_SoftUart.elf.dir/Middlewares/ST/STM32_UART_EMUL_Library/Src/stm32f4xx_hal_uart_emul.c.obj
 .ARM.attributes
                0x0000000000000217       0x33 CMakeFiles/STM32F401_SoftUart.elf.dir/Src/main.c.obj
 .ARM.attributes
                0x000000000000024a       0x33 CMakeFiles/STM32F401_SoftUart.elf.dir/Src/stm32f4xx_hal_msp.c.obj
 .ARM.attributes
                0x000000000000027d       0x33 CMakeFiles/STM32F401_SoftUart.elf.dir/Src/stm32f4xx_it.c.obj
 .ARM.attributes
                0x00000000000002b0       0x33 CMakeFiles/STM32F401_SoftUart.elf.dir/Src/syscalls.c.obj
 .ARM.attributes
                0x00000000000002e3       0x33 CMakeFiles/STM32F401_SoftUart.elf.dir/Src/system_stm32f4xx.c.obj
 .ARM.attributes
                0x0000000000000316       0x21 CMakeFiles/STM32F401_SoftUart.elf.dir/startup/startup_stm32f401xe.s.obj
 .ARM.attributes
                0x0000000000000337       0x1e /usr/local/Cellar/gcc-arm-none-eabi-63/20170628/bin/../lib/gcc/arm-none-eabi/6.3.1/thumb/v7e-m/libgcc.a(_aeabi_uldivmod.o)
 .ARM.attributes
                0x0000000000000355       0x2e /usr/local/Cellar/gcc-arm-none-eabi-63/20170628/bin/../lib/gcc/arm-none-eabi/6.3.1/thumb/v7e-m/libgcc.a(_udivmoddi4.o)
 .ARM.attributes
                0x0000000000000383       0x1e /usr/local/Cellar/gcc-arm-none-eabi-63/20170628/bin/../lib/gcc/arm-none-eabi/6.3.1/thumb/v7e-m/libgcc.a(_dvmd_tls.o)
 .ARM.attributes
                0x00000000000003a1       0x2e /usr/local/Cellar/gcc-arm-none-eabi-63/20170628/bin/../lib/gcc/arm-none-eabi/6.3.1/../../../../arm-none-eabi/lib/thumb/v7e-m/libg_nano.a(lib_a-errno.o)
 .ARM.attributes
                0x00000000000003cf       0x2e /usr/local/Cellar/gcc-arm-none-eabi-63/20170628/bin/../lib/gcc/arm-none-eabi/6.3.1/../../../../arm-none-eabi/lib/thumb/v7e-m/libg_nano.a(lib_a-impure.o)
 .ARM.attributes
                0x00000000000003fd       0x2e /usr/local/Cellar/gcc-arm-none-eabi-63/20170628/bin/../lib/gcc/arm-none-eabi/6.3.1/../../../../arm-none-eabi/lib/thumb/v7e-m/libg_nano.a(lib_a-init.o)
 .ARM.attributes
                0x000000000000042b       0x2e /usr/local/Cellar/gcc-arm-none-eabi-63/20170628/bin/../lib/gcc/arm-none-eabi/6.3.1/../../../../arm-none-eabi/lib/thumb/v7e-m/libg_nano.a(lib_a-memset.o)
 .ARM.attributes
                0x0000000000000459       0x2e /usr/local/Cellar/gcc-arm-none-eabi-63/20170628/bin/../lib/gcc/arm-none-eabi/6.3.1/../../../../arm-none-eabi/lib/thumb/v7e-m/libg_nano.a(lib_a-printf.o)
 .ARM.attributes
                0x0000000000000487       0x2e /usr/local/Cellar/gcc-arm-none-eabi-63/20170628/bin/../lib/gcc/arm-none-eabi/6.3.1/../../../../arm-none-eabi/lib/thumb/v7e-m/libg_nano.a(lib_a-findfp.o)
 .ARM.attributes
                0x00000000000004b5       0x2e /usr/local/Cellar/gcc-arm-none-eabi-63/20170628/bin/../lib/gcc/arm-none-eabi/6.3.1/../../../../arm-none-eabi/lib/thumb/v7e-m/libg_nano.a(lib_a-fwalk.o)
 .ARM.attributes
                0x00000000000004e3       0x2e /usr/local/Cellar/gcc-arm-none-eabi-63/20170628/bin/../lib/gcc/arm-none-eabi/6.3.1/../../../../arm-none-eabi/lib/thumb/v7e-m/libg_nano.a(lib_a-nano-mallocr.o)
 .ARM.attributes
                0x0000000000000511       0x2e /usr/local/Cellar/gcc-arm-none-eabi-63/20170628/bin/../lib/gcc/arm-none-eabi/6.3.1/../../../../arm-none-eabi/lib/thumb/v7e-m/libg_nano.a(lib_a-nano-vfprintf.o)
 .ARM.attributes
                0x000000000000053f       0x2e /usr/local/Cellar/gcc-arm-none-eabi-63/20170628/bin/../lib/gcc/arm-none-eabi/6.3.1/../../../../arm-none-eabi/lib/thumb/v7e-m/libg_nano.a(lib_a-nano-vfprintf_i.o)
 .ARM.attributes
                0x000000000000056d       0x2e /usr/local/Cellar/gcc-arm-none-eabi-63/20170628/bin/../lib/gcc/arm-none-eabi/6.3.1/../../../../arm-none-eabi/lib/thumb/v7e-m/libg_nano.a(lib_a-sbrkr.o)
 .ARM.attributes
                0x000000000000059b       0x2e /usr/local/Cellar/gcc-arm-none-eabi-63/20170628/bin/../lib/gcc/arm-none-eabi/6.3.1/../../../../arm-none-eabi/lib/thumb/v7e-m/libg_nano.a(lib_a-stdio.o)
 .ARM.attributes
                0x00000000000005c9       0x2e /usr/local/Cellar/gcc-arm-none-eabi-63/20170628/bin/../lib/gcc/arm-none-eabi/6.3.1/../../../../arm-none-eabi/lib/thumb/v7e-m/libg_nano.a(lib_a-wbuf.o)
 .ARM.attributes
                0x00000000000005f7       0x2e /usr/local/Cellar/gcc-arm-none-eabi-63/20170628/bin/../lib/gcc/arm-none-eabi/6.3.1/../../../../arm-none-eabi/lib/thumb/v7e-m/libg_nano.a(lib_a-writer.o)
 .ARM.attributes
                0x0000000000000625       0x2e /usr/local/Cellar/gcc-arm-none-eabi-63/20170628/bin/../lib/gcc/arm-none-eabi/6.3.1/../../../../arm-none-eabi/lib/thumb/v7e-m/libg_nano.a(lib_a-wsetup.o)
 .ARM.attributes
                0x0000000000000653       0x2e /usr/local/Cellar/gcc-arm-none-eabi-63/20170628/bin/../lib/gcc/arm-none-eabi/6.3.1/../../../../arm-none-eabi/lib/thumb/v7e-m/libg_nano.a(lib_a-closer.o)
 .ARM.attributes
                0x0000000000000681       0x2e /usr/local/Cellar/gcc-arm-none-eabi-63/20170628/bin/../lib/gcc/arm-none-eabi/6.3.1/../../../../arm-none-eabi/lib/thumb/v7e-m/libg_nano.a(lib_a-fflush.o)
 .ARM.attributes
                0x00000000000006af       0x2e /usr/local/Cellar/gcc-arm-none-eabi-63/20170628/bin/../lib/gcc/arm-none-eabi/6.3.1/../../../../arm-none-eabi/lib/thumb/v7e-m/libg_nano.a(lib_a-lseekr.o)
 .ARM.attributes
                0x00000000000006dd       0x2e /usr/local/Cellar/gcc-arm-none-eabi-63/20170628/bin/../lib/gcc/arm-none-eabi/6.3.1/../../../../arm-none-eabi/lib/thumb/v7e-m/libg_nano.a(lib_a-makebuf.o)
 .ARM.attributes
                0x000000000000070b       0x1c /usr/local/Cellar/gcc-arm-none-eabi-63/20170628/bin/../lib/gcc/arm-none-eabi/6.3.1/../../../../arm-none-eabi/lib/thumb/v7e-m/libg_nano.a(lib_a-memchr.o)
 .ARM.attributes
                0x0000000000000727       0x2e /usr/local/Cellar/gcc-arm-none-eabi-63/20170628/bin/../lib/gcc/arm-none-eabi/6.3.1/../../../../arm-none-eabi/lib/thumb/v7e-m/libg_nano.a(lib_a-mlock.o)
 .ARM.attributes
                0x0000000000000755       0x2e /usr/local/Cellar/gcc-arm-none-eabi-63/20170628/bin/../lib/gcc/arm-none-eabi/6.3.1/../../../../arm-none-eabi/lib/thumb/v7e-m/libg_nano.a(lib_a-nano-freer.o)
 .ARM.attributes
                0x0000000000000783       0x2e /usr/local/Cellar/gcc-arm-none-eabi-63/20170628/bin/../lib/gcc/arm-none-eabi/6.3.1/../../../../arm-none-eabi/lib/thumb/v7e-m/libg_nano.a(lib_a-readr.o)
 .ARM.attributes
                0x00000000000007b1       0x2e /usr/local/Cellar/gcc-arm-none-eabi-63/20170628/bin/../lib/gcc/arm-none-eabi/6.3.1/../../../../arm-none-eabi/lib/thumb/v7e-m/libg_nano.a(lib_a-reent.o)
 .ARM.attributes
                0x00000000000007df       0x2e /usr/local/Cellar/gcc-arm-none-eabi-63/20170628/bin/../lib/gcc/arm-none-eabi/6.3.1/../../../../arm-none-eabi/lib/thumb/v7e-m/libg_nano.a(lib_a-fstatr.o)
 .ARM.attributes
                0x000000000000080d       0x2e /usr/local/Cellar/gcc-arm-none-eabi-63/20170628/bin/../lib/gcc/arm-none-eabi/6.3.1/../../../../arm-none-eabi/lib/thumb/v7e-m/libg_nano.a(lib_a-isattyr.o)
 .ARM.attributes
                0x000000000000083b       0x1e /usr/local/Cellar/gcc-arm-none-eabi-63/20170628/bin/../lib/gcc/arm-none-eabi/6.3.1/thumb/v7e-m/crtn.o
OUTPUT(STM32F401_SoftUart.elf elf32-littlearm)

.debug_info     0x0000000000000000     0xdec0
 .debug_info    0x0000000000000000      0x8a3 CMakeFiles/STM32F401_SoftUart.elf.dir/Drivers/STM32F4xx_HAL_Driver/Src/stm32f4xx_hal.c.obj
 .debug_info    0x00000000000008a3      0xd36 CMakeFiles/STM32F401_SoftUart.elf.dir/Drivers/STM32F4xx_HAL_Driver/Src/stm32f4xx_hal_cortex.c.obj
 .debug_info    0x00000000000015d9      0x900 CMakeFiles/STM32F401_SoftUart.elf.dir/Drivers/STM32F4xx_HAL_Driver/Src/stm32f4xx_hal_dma.c.obj
 .debug_info    0x0000000000001ed9      0x77f CMakeFiles/STM32F401_SoftUart.elf.dir/Drivers/STM32F4xx_HAL_Driver/Src/stm32f4xx_hal_gpio.c.obj
 .debug_info    0x0000000000002658      0x8c3 CMakeFiles/STM32F401_SoftUart.elf.dir/Drivers/STM32F4xx_HAL_Driver/Src/stm32f4xx_hal_rcc.c.obj
 .debug_info    0x0000000000002f1b     0x243f CMakeFiles/STM32F401_SoftUart.elf.dir/Drivers/STM32F4xx_HAL_Driver/Src/stm32f4xx_hal_tim.c.obj
 .debug_info    0x000000000000535a     0x10ef CMakeFiles/STM32F401_SoftUart.elf.dir/Drivers/STM32F4xx_HAL_Driver/Src/stm32f4xx_hal_tim_ex.c.obj
 .debug_info    0x0000000000006449     0x11c0 CMakeFiles/STM32F401_SoftUart.elf.dir/Drivers/STM32F4xx_HAL_Driver/Src/stm32f4xx_hal_uart.c.obj
 .debug_info    0x0000000000007609     0x1925 CMakeFiles/STM32F401_SoftUart.elf.dir/Middlewares/ST/STM32_UART_EMUL_Library/Src/stm32f4xx_hal_uart_emul.c.obj
 .debug_info    0x0000000000008f2e     0x18dd CMakeFiles/STM32F401_SoftUart.elf.dir/Src/main.c.obj
 .debug_info    0x000000000000a80b     0x17de CMakeFiles/STM32F401_SoftUart.elf.dir/Src/stm32f4xx_hal_msp.c.obj
 .debug_info    0x000000000000bfe9      0x9e8 CMakeFiles/STM32F401_SoftUart.elf.dir/Src/stm32f4xx_it.c.obj
 .debug_info    0x000000000000c9d1      0xf0f CMakeFiles/STM32F401_SoftUart.elf.dir/Src/syscalls.c.obj
 .debug_info    0x000000000000d8e0      0x524 CMakeFiles/STM32F401_SoftUart.elf.dir/Src/system_stm32f4xx.c.obj
 .debug_info    0x000000000000de04       0xbc CMakeFiles/STM32F401_SoftUart.elf.dir/startup/startup_stm32f401xe.s.obj

.debug_abbrev   0x0000000000000000     0x1e79
 .debug_abbrev  0x0000000000000000      0x1ef CMakeFiles/STM32F401_SoftUart.elf.dir/Drivers/STM32F4xx_HAL_Driver/Src/stm32f4xx_hal.c.obj
 .debug_abbrev  0x00000000000001ef      0x2f3 CMakeFiles/STM32F401_SoftUart.elf.dir/Drivers/STM32F4xx_HAL_Driver/Src/stm32f4xx_hal_cortex.c.obj
 .debug_abbrev  0x00000000000004e2      0x1ea CMakeFiles/STM32F401_SoftUart.elf.dir/Drivers/STM32F4xx_HAL_Driver/Src/stm32f4xx_hal_dma.c.obj
 .debug_abbrev  0x00000000000006cc      0x1c2 CMakeFiles/STM32F401_SoftUart.elf.dir/Drivers/STM32F4xx_HAL_Driver/Src/stm32f4xx_hal_gpio.c.obj
 .debug_abbrev  0x000000000000088e      0x23e CMakeFiles/STM32F401_SoftUart.elf.dir/Drivers/STM32F4xx_HAL_Driver/Src/stm32f4xx_hal_rcc.c.obj
 .debug_abbrev  0x0000000000000acc      0x236 CMakeFiles/STM32F401_SoftUart.elf.dir/Drivers/STM32F4xx_HAL_Driver/Src/stm32f4xx_hal_tim.c.obj
 .debug_abbrev  0x0000000000000d02      0x224 CMakeFiles/STM32F401_SoftUart.elf.dir/Drivers/STM32F4xx_HAL_Driver/Src/stm32f4xx_hal_tim_ex.c.obj
 .debug_abbrev  0x0000000000000f26      0x24a CMakeFiles/STM32F401_SoftUart.elf.dir/Drivers/STM32F4xx_HAL_Driver/Src/stm32f4xx_hal_uart.c.obj
 .debug_abbrev  0x0000000000001170      0x325 CMakeFiles/STM32F401_SoftUart.elf.dir/Middlewares/ST/STM32_UART_EMUL_Library/Src/stm32f4xx_hal_uart_emul.c.obj
 .debug_abbrev  0x0000000000001495      0x2aa CMakeFiles/STM32F401_SoftUart.elf.dir/Src/main.c.obj
 .debug_abbrev  0x000000000000173f      0x21b CMakeFiles/STM32F401_SoftUart.elf.dir/Src/stm32f4xx_hal_msp.c.obj
 .debug_abbrev  0x000000000000195a      0x190 CMakeFiles/STM32F401_SoftUart.elf.dir/Src/stm32f4xx_it.c.obj
 .debug_abbrev  0x0000000000001aea      0x271 CMakeFiles/STM32F401_SoftUart.elf.dir/Src/syscalls.c.obj
 .debug_abbrev  0x0000000000001d5b      0x10c CMakeFiles/STM32F401_SoftUart.elf.dir/Src/system_stm32f4xx.c.obj
 .debug_abbrev  0x0000000000001e67       0x12 CMakeFiles/STM32F401_SoftUart.elf.dir/startup/startup_stm32f401xe.s.obj

.debug_aranges  0x0000000000000000      0xd38
 .debug_aranges
                0x0000000000000000       0xf0 CMakeFiles/STM32F401_SoftUart.elf.dir/Drivers/STM32F4xx_HAL_Driver/Src/stm32f4xx_hal.c.obj
 .debug_aranges
                0x00000000000000f0      0x118 CMakeFiles/STM32F401_SoftUart.elf.dir/Drivers/STM32F4xx_HAL_Driver/Src/stm32f4xx_hal_cortex.c.obj
 .debug_aranges
                0x0000000000000208       0x90 CMakeFiles/STM32F401_SoftUart.elf.dir/Drivers/STM32F4xx_HAL_Driver/Src/stm32f4xx_hal_dma.c.obj
 .debug_aranges
                0x0000000000000298       0x58 CMakeFiles/STM32F401_SoftUart.elf.dir/Drivers/STM32F4xx_HAL_Driver/Src/stm32f4xx_hal_gpio.c.obj
 .debug_aranges
                0x00000000000002f0       0x88 CMakeFiles/STM32F401_SoftUart.elf.dir/Drivers/STM32F4xx_HAL_Driver/Src/stm32f4xx_hal_rcc.c.obj
 .debug_aranges
                0x0000000000000378      0x3a8 CMakeFiles/STM32F401_SoftUart.elf.dir/Drivers/STM32F4xx_HAL_Driver/Src/stm32f4xx_hal_tim.c.obj
 .debug_aranges
                0x0000000000000720      0x150 CMakeFiles/STM32F401_SoftUart.elf.dir/Drivers/STM32F4xx_HAL_Driver/Src/stm32f4xx_hal_tim_ex.c.obj
 .debug_aranges
                0x0000000000000870      0x1d0 CMakeFiles/STM32F401_SoftUart.elf.dir/Drivers/STM32F4xx_HAL_Driver/Src/stm32f4xx_hal_uart.c.obj
 .debug_aranges
                0x0000000000000a40       0xe8 CMakeFiles/STM32F401_SoftUart.elf.dir/Middlewares/ST/STM32_UART_EMUL_Library/Src/stm32f4xx_hal_uart_emul.c.obj
 .debug_aranges
                0x0000000000000b28       0x60 CMakeFiles/STM32F401_SoftUart.elf.dir/Src/main.c.obj
 .debug_aranges
                0x0000000000000b88       0x48 CMakeFiles/STM32F401_SoftUart.elf.dir/Src/stm32f4xx_hal_msp.c.obj
 .debug_aranges
                0x0000000000000bd0       0x68 CMakeFiles/STM32F401_SoftUart.elf.dir/Src/stm32f4xx_it.c.obj
 .debug_aranges
                0x0000000000000c38       0xb0 CMakeFiles/STM32F401_SoftUart.elf.dir/Src/syscalls.c.obj
 .debug_aranges
                0x0000000000000ce8       0x28 CMakeFiles/STM32F401_SoftUart.elf.dir/Src/system_stm32f4xx.c.obj
 .debug_aranges
                0x0000000000000d10       0x28 CMakeFiles/STM32F401_SoftUart.elf.dir/startup/startup_stm32f401xe.s.obj

.debug_ranges   0x0000000000000000      0xc50
 .debug_ranges  0x0000000000000000       0xe0 CMakeFiles/STM32F401_SoftUart.elf.dir/Drivers/STM32F4xx_HAL_Driver/Src/stm32f4xx_hal.c.obj
 .debug_ranges  0x00000000000000e0      0x108 CMakeFiles/STM32F401_SoftUart.elf.dir/Drivers/STM32F4xx_HAL_Driver/Src/stm32f4xx_hal_cortex.c.obj
 .debug_ranges  0x00000000000001e8       0x80 CMakeFiles/STM32F401_SoftUart.elf.dir/Drivers/STM32F4xx_HAL_Driver/Src/stm32f4xx_hal_dma.c.obj
 .debug_ranges  0x0000000000000268       0x48 CMakeFiles/STM32F401_SoftUart.elf.dir/Drivers/STM32F4xx_HAL_Driver/Src/stm32f4xx_hal_gpio.c.obj
 .debug_ranges  0x00000000000002b0       0x78 CMakeFiles/STM32F401_SoftUart.elf.dir/Drivers/STM32F4xx_HAL_Driver/Src/stm32f4xx_hal_rcc.c.obj
 .debug_ranges  0x0000000000000328      0x398 CMakeFiles/STM32F401_SoftUart.elf.dir/Drivers/STM32F4xx_HAL_Driver/Src/stm32f4xx_hal_tim.c.obj
 .debug_ranges  0x00000000000006c0      0x140 CMakeFiles/STM32F401_SoftUart.elf.dir/Drivers/STM32F4xx_HAL_Driver/Src/stm32f4xx_hal_tim_ex.c.obj
 .debug_ranges  0x0000000000000800      0x1c0 CMakeFiles/STM32F401_SoftUart.elf.dir/Drivers/STM32F4xx_HAL_Driver/Src/stm32f4xx_hal_uart.c.obj
 .debug_ranges  0x00000000000009c0       0xd8 CMakeFiles/STM32F401_SoftUart.elf.dir/Middlewares/ST/STM32_UART_EMUL_Library/Src/stm32f4xx_hal_uart_emul.c.obj
 .debug_ranges  0x0000000000000a98       0x50 CMakeFiles/STM32F401_SoftUart.elf.dir/Src/main.c.obj
 .debug_ranges  0x0000000000000ae8       0x38 CMakeFiles/STM32F401_SoftUart.elf.dir/Src/stm32f4xx_hal_msp.c.obj
 .debug_ranges  0x0000000000000b20       0x58 CMakeFiles/STM32F401_SoftUart.elf.dir/Src/stm32f4xx_it.c.obj
 .debug_ranges  0x0000000000000b78       0xa0 CMakeFiles/STM32F401_SoftUart.elf.dir/Src/syscalls.c.obj
 .debug_ranges  0x0000000000000c18       0x18 CMakeFiles/STM32F401_SoftUart.elf.dir/Src/system_stm32f4xx.c.obj
 .debug_ranges  0x0000000000000c30       0x20 CMakeFiles/STM32F401_SoftUart.elf.dir/startup/startup_stm32f401xe.s.obj

.debug_line     0x0000000000000000     0x6517
 .debug_line    0x0000000000000000      0x4b4 CMakeFiles/STM32F401_SoftUart.elf.dir/Drivers/STM32F4xx_HAL_Driver/Src/stm32f4xx_hal.c.obj
 .debug_line    0x00000000000004b4      0x5d8 CMakeFiles/STM32F401_SoftUart.elf.dir/Drivers/STM32F4xx_HAL_Driver/Src/stm32f4xx_hal_cortex.c.obj
 .debug_line    0x0000000000000a8c      0x58a CMakeFiles/STM32F401_SoftUart.elf.dir/Drivers/STM32F4xx_HAL_Driver/Src/stm32f4xx_hal_dma.c.obj
 .debug_line    0x0000000000001016      0x45f CMakeFiles/STM32F401_SoftUart.elf.dir/Drivers/STM32F4xx_HAL_Driver/Src/stm32f4xx_hal_gpio.c.obj
 .debug_line    0x0000000000001475      0x531 CMakeFiles/STM32F401_SoftUart.elf.dir/Drivers/STM32F4xx_HAL_Driver/Src/stm32f4xx_hal_rcc.c.obj
 .debug_line    0x00000000000019a6     0x1378 CMakeFiles/STM32F401_SoftUart.elf.dir/Drivers/STM32F4xx_HAL_Driver/Src/stm32f4xx_hal_tim.c.obj
 .debug_line    0x0000000000002d1e      0x8f0 CMakeFiles/STM32F401_SoftUart.elf.dir/Drivers/STM32F4xx_HAL_Driver/Src/stm32f4xx_hal_tim_ex.c.obj
 .debug_line    0x000000000000360e      0xbca CMakeFiles/STM32F401_SoftUart.elf.dir/Drivers/STM32F4xx_HAL_Driver/Src/stm32f4xx_hal_uart.c.obj
 .debug_line    0x00000000000041d8     0x100e CMakeFiles/STM32F401_SoftUart.elf.dir/Middlewares/ST/STM32_UART_EMUL_Library/Src/stm32f4xx_hal_uart_emul.c.obj
 .debug_line    0x00000000000051e6      0x513 CMakeFiles/STM32F401_SoftUart.elf.dir/Src/main.c.obj
 .debug_line    0x00000000000056f9      0x455 CMakeFiles/STM32F401_SoftUart.elf.dir/Src/stm32f4xx_hal_msp.c.obj
 .debug_line    0x0000000000005b4e      0x329 CMakeFiles/STM32F401_SoftUart.elf.dir/Src/stm32f4xx_it.c.obj
 .debug_line    0x0000000000005e77      0x3b1 CMakeFiles/STM32F401_SoftUart.elf.dir/Src/syscalls.c.obj
 .debug_line    0x0000000000006228      0x23f CMakeFiles/STM32F401_SoftUart.elf.dir/Src/system_stm32f4xx.c.obj
 .debug_line    0x0000000000006467       0xb0 CMakeFiles/STM32F401_SoftUart.elf.dir/startup/startup_stm32f401xe.s.obj

.debug_str      0x0000000000000000     0x447e
 .debug_str     0x0000000000000000      0x9a4 CMakeFiles/STM32F401_SoftUart.elf.dir/Drivers/STM32F4xx_HAL_Driver/Src/stm32f4xx_hal.c.obj
                                        0xa12 (size before relaxing)
 .debug_str     0x00000000000009a4      0x517 CMakeFiles/STM32F401_SoftUart.elf.dir/Drivers/STM32F4xx_HAL_Driver/Src/stm32f4xx_hal_cortex.c.obj
                                        0xb10 (size before relaxing)
 .debug_str     0x0000000000000ebb      0x558 CMakeFiles/STM32F401_SoftUart.elf.dir/Drivers/STM32F4xx_HAL_Driver/Src/stm32f4xx_hal_dma.c.obj
                                        0x7b2 (size before relaxing)
 .debug_str     0x0000000000001413      0x20f CMakeFiles/STM32F401_SoftUart.elf.dir/Drivers/STM32F4xx_HAL_Driver/Src/stm32f4xx_hal_gpio.c.obj
                                        0x54a (size before relaxing)
 .debug_str     0x0000000000001622      0x31a CMakeFiles/STM32F401_SoftUart.elf.dir/Drivers/STM32F4xx_HAL_Driver/Src/stm32f4xx_hal_rcc.c.obj
                                        0x6f6 (size before relaxing)
 .debug_str     0x000000000000193c      0xff6 CMakeFiles/STM32F401_SoftUart.elf.dir/Drivers/STM32F4xx_HAL_Driver/Src/stm32f4xx_hal_tim.c.obj
                                       0x14c2 (size before relaxing)
 .debug_str     0x0000000000002932      0x5aa CMakeFiles/STM32F401_SoftUart.elf.dir/Drivers/STM32F4xx_HAL_Driver/Src/stm32f4xx_hal_tim_ex.c.obj
                                        0xcc2 (size before relaxing)
 .debug_str     0x0000000000002edc      0x709 CMakeFiles/STM32F401_SoftUart.elf.dir/Drivers/STM32F4xx_HAL_Driver/Src/stm32f4xx_hal_uart.c.obj
                                        0xbe9 (size before relaxing)
 .debug_str     0x00000000000035e5      0x9b9 CMakeFiles/STM32F401_SoftUart.elf.dir/Middlewares/ST/STM32_UART_EMUL_Library/Src/stm32f4xx_hal_uart_emul.c.obj
                                       0x14dd (size before relaxing)
 .debug_str     0x0000000000003f9e       0xc3 CMakeFiles/STM32F401_SoftUart.elf.dir/Src/main.c.obj
                                       0x125f (size before relaxing)
 .debug_str     0x0000000000004061       0x56 CMakeFiles/STM32F401_SoftUart.elf.dir/Src/stm32f4xx_hal_msp.c.obj
                                       0x13b5 (size before relaxing)
 .debug_str     0x00000000000040b7       0xec CMakeFiles/STM32F401_SoftUart.elf.dir/Src/stm32f4xx_it.c.obj
                                        0x72c (size before relaxing)
 .debug_str     0x00000000000041a3      0x265 CMakeFiles/STM32F401_SoftUart.elf.dir/Src/syscalls.c.obj
                                        0x890 (size before relaxing)
 .debug_str     0x0000000000004408       0x76 CMakeFiles/STM32F401_SoftUart.elf.dir/Src/system_stm32f4xx.c.obj
                                        0x3ae (size before relaxing)

.comment        0x0000000000000000       0x7f
 .comment       0x0000000000000000       0x7f CMakeFiles/STM32F401_SoftUart.elf.dir/Drivers/STM32F4xx_HAL_Driver/Src/stm32f4xx_hal.c.obj
                                         0x80 (size before relaxing)
 .comment       0x000000000000007f       0x80 CMakeFiles/STM32F401_SoftUart.elf.dir/Drivers/STM32F4xx_HAL_Driver/Src/stm32f4xx_hal_cortex.c.obj
 .comment       0x000000000000007f       0x80 CMakeFiles/STM32F401_SoftUart.elf.dir/Drivers/STM32F4xx_HAL_Driver/Src/stm32f4xx_hal_dma.c.obj
 .comment       0x000000000000007f       0x80 CMakeFiles/STM32F401_SoftUart.elf.dir/Drivers/STM32F4xx_HAL_Driver/Src/stm32f4xx_hal_gpio.c.obj
 .comment       0x000000000000007f       0x80 CMakeFiles/STM32F401_SoftUart.elf.dir/Drivers/STM32F4xx_HAL_Driver/Src/stm32f4xx_hal_rcc.c.obj
 .comment       0x000000000000007f       0x80 CMakeFiles/STM32F401_SoftUart.elf.dir/Drivers/STM32F4xx_HAL_Driver/Src/stm32f4xx_hal_tim.c.obj
 .comment       0x000000000000007f       0x80 CMakeFiles/STM32F401_SoftUart.elf.dir/Drivers/STM32F4xx_HAL_Driver/Src/stm32f4xx_hal_tim_ex.c.obj
 .comment       0x000000000000007f       0x80 CMakeFiles/STM32F401_SoftUart.elf.dir/Drivers/STM32F4xx_HAL_Driver/Src/stm32f4xx_hal_uart.c.obj
 .comment       0x000000000000007f       0x80 CMakeFiles/STM32F401_SoftUart.elf.dir/Middlewares/ST/STM32_UART_EMUL_Library/Src/stm32f4xx_hal_uart_emul.c.obj
 .comment       0x000000000000007f       0x80 CMakeFiles/STM32F401_SoftUart.elf.dir/Src/main.c.obj
 .comment       0x000000000000007f       0x80 CMakeFiles/STM32F401_SoftUart.elf.dir/Src/stm32f4xx_hal_msp.c.obj
 .comment       0x000000000000007f       0x80 CMakeFiles/STM32F401_SoftUart.elf.dir/Src/stm32f4xx_it.c.obj
 .comment       0x000000000000007f       0x80 CMakeFiles/STM32F401_SoftUart.elf.dir/Src/syscalls.c.obj
 .comment       0x000000000000007f       0x80 CMakeFiles/STM32F401_SoftUart.elf.dir/Src/system_stm32f4xx.c.obj

.debug_frame    0x0000000000000000     0x3e64
 .debug_frame   0x0000000000000000      0x374 CMakeFiles/STM32F401_SoftUart.elf.dir/Drivers/STM32F4xx_HAL_Driver/Src/stm32f4xx_hal.c.obj
 .debug_frame   0x0000000000000374      0x498 CMakeFiles/STM32F401_SoftUart.elf.dir/Drivers/STM32F4xx_HAL_Driver/Src/stm32f4xx_hal_cortex.c.obj
 .debug_frame   0x000000000000080c      0x250 CMakeFiles/STM32F401_SoftUart.elf.dir/Drivers/STM32F4xx_HAL_Driver/Src/stm32f4xx_hal_dma.c.obj
 .debug_frame   0x0000000000000a5c      0x14c CMakeFiles/STM32F401_SoftUart.elf.dir/Drivers/STM32F4xx_HAL_Driver/Src/stm32f4xx_hal_gpio.c.obj
 .debug_frame   0x0000000000000ba8      0x1f8 CMakeFiles/STM32F401_SoftUart.elf.dir/Drivers/STM32F4xx_HAL_Driver/Src/stm32f4xx_hal_rcc.c.obj
 .debug_frame   0x0000000000000da0     0x10e8 CMakeFiles/STM32F401_SoftUart.elf.dir/Drivers/STM32F4xx_HAL_Driver/Src/stm32f4xx_hal_tim.c.obj
 .debug_frame   0x0000000000001e88      0x5c0 CMakeFiles/STM32F401_SoftUart.elf.dir/Drivers/STM32F4xx_HAL_Driver/Src/stm32f4xx_hal_tim_ex.c.obj
 .debug_frame   0x0000000000002448      0x83c CMakeFiles/STM32F401_SoftUart.elf.dir/Drivers/STM32F4xx_HAL_Driver/Src/stm32f4xx_hal_uart.c.obj
 .debug_frame   0x0000000000002c84      0x3cc CMakeFiles/STM32F401_SoftUart.elf.dir/Middlewares/ST/STM32_UART_EMUL_Library/Src/stm32f4xx_hal_uart_emul.c.obj
 .debug_frame   0x0000000000003050      0x13c CMakeFiles/STM32F401_SoftUart.elf.dir/Src/main.c.obj
 .debug_frame   0x000000000000318c       0xf0 CMakeFiles/STM32F401_SoftUart.elf.dir/Src/stm32f4xx_hal_msp.c.obj
 .debug_frame   0x000000000000327c      0x128 CMakeFiles/STM32F401_SoftUart.elf.dir/Src/stm32f4xx_it.c.obj
 .debug_frame   0x00000000000033a4      0x2d4 CMakeFiles/STM32F401_SoftUart.elf.dir/Src/syscalls.c.obj
 .debug_frame   0x0000000000003678       0x58 CMakeFiles/STM32F401_SoftUart.elf.dir/Src/system_stm32f4xx.c.obj
 .debug_frame   0x00000000000036d0       0x2c /usr/local/Cellar/gcc-arm-none-eabi-63/20170628/bin/../lib/gcc/arm-none-eabi/6.3.1/thumb/v7e-m/libgcc.a(_aeabi_uldivmod.o)
 .debug_frame   0x00000000000036fc       0x34 /usr/local/Cellar/gcc-arm-none-eabi-63/20170628/bin/../lib/gcc/arm-none-eabi/6.3.1/thumb/v7e-m/libgcc.a(_udivmoddi4.o)
 .debug_frame   0x0000000000003730       0x20 /usr/local/Cellar/gcc-arm-none-eabi-63/20170628/bin/../lib/gcc/arm-none-eabi/6.3.1/../../../../arm-none-eabi/lib/thumb/v7e-m/libg_nano.a(lib_a-errno.o)
 .debug_frame   0x0000000000003750       0x2c /usr/local/Cellar/gcc-arm-none-eabi-63/20170628/bin/../lib/gcc/arm-none-eabi/6.3.1/../../../../arm-none-eabi/lib/thumb/v7e-m/libg_nano.a(lib_a-init.o)
 .debug_frame   0x000000000000377c       0x20 /usr/local/Cellar/gcc-arm-none-eabi-63/20170628/bin/../lib/gcc/arm-none-eabi/6.3.1/../../../../arm-none-eabi/lib/thumb/v7e-m/libg_nano.a(lib_a-memset.o)
 .debug_frame   0x000000000000379c       0x74 /usr/local/Cellar/gcc-arm-none-eabi-63/20170628/bin/../lib/gcc/arm-none-eabi/6.3.1/../../../../arm-none-eabi/lib/thumb/v7e-m/libg_nano.a(lib_a-printf.o)
 .debug_frame   0x0000000000003810      0x11c /usr/local/Cellar/gcc-arm-none-eabi-63/20170628/bin/../lib/gcc/arm-none-eabi/6.3.1/../../../../arm-none-eabi/lib/thumb/v7e-m/libg_nano.a(lib_a-findfp.o)
 .debug_frame   0x000000000000392c       0x54 /usr/local/Cellar/gcc-arm-none-eabi-63/20170628/bin/../lib/gcc/arm-none-eabi/6.3.1/../../../../arm-none-eabi/lib/thumb/v7e-m/libg_nano.a(lib_a-fwalk.o)
 .debug_frame   0x0000000000003980       0x2c /usr/local/Cellar/gcc-arm-none-eabi-63/20170628/bin/../lib/gcc/arm-none-eabi/6.3.1/../../../../arm-none-eabi/lib/thumb/v7e-m/libg_nano.a(lib_a-nano-mallocr.o)
 .debug_frame   0x00000000000039ac       0xac /usr/local/Cellar/gcc-arm-none-eabi-63/20170628/bin/../lib/gcc/arm-none-eabi/6.3.1/../../../../arm-none-eabi/lib/thumb/v7e-m/libg_nano.a(lib_a-nano-vfprintf.o)
 .debug_frame   0x0000000000003a58       0x60 /usr/local/Cellar/gcc-arm-none-eabi-63/20170628/bin/../lib/gcc/arm-none-eabi/6.3.1/../../../../arm-none-eabi/lib/thumb/v7e-m/libg_nano.a(lib_a-nano-vfprintf_i.o)
 .debug_frame   0x0000000000003ab8       0x2c /usr/local/Cellar/gcc-arm-none-eabi-63/20170628/bin/../lib/gcc/arm-none-eabi/6.3.1/../../../../arm-none-eabi/lib/thumb/v7e-m/libg_nano.a(lib_a-sbrkr.o)
 .debug_frame   0x0000000000003ae4       0x88 /usr/local/Cellar/gcc-arm-none-eabi-63/20170628/bin/../lib/gcc/arm-none-eabi/6.3.1/../../../../arm-none-eabi/lib/thumb/v7e-m/libg_nano.a(lib_a-stdio.o)
 .debug_frame   0x0000000000003b6c       0x40 /usr/local/Cellar/gcc-arm-none-eabi-63/20170628/bin/../lib/gcc/arm-none-eabi/6.3.1/../../../../arm-none-eabi/lib/thumb/v7e-m/libg_nano.a(lib_a-wbuf.o)
 .debug_frame   0x0000000000003bac       0x2c /usr/local/Cellar/gcc-arm-none-eabi-63/20170628/bin/../lib/gcc/arm-none-eabi/6.3.1/../../../../arm-none-eabi/lib/thumb/v7e-m/libg_nano.a(lib_a-writer.o)
 .debug_frame   0x0000000000003bd8       0x2c /usr/local/Cellar/gcc-arm-none-eabi-63/20170628/bin/../lib/gcc/arm-none-eabi/6.3.1/../../../../arm-none-eabi/lib/thumb/v7e-m/libg_nano.a(lib_a-wsetup.o)
 .debug_frame   0x0000000000003c04       0x2c /usr/local/Cellar/gcc-arm-none-eabi-63/20170628/bin/../lib/gcc/arm-none-eabi/6.3.1/../../../../arm-none-eabi/lib/thumb/v7e-m/libg_nano.a(lib_a-closer.o)
 .debug_frame   0x0000000000003c30       0x68 /usr/local/Cellar/gcc-arm-none-eabi-63/20170628/bin/../lib/gcc/arm-none-eabi/6.3.1/../../../../arm-none-eabi/lib/thumb/v7e-m/libg_nano.a(lib_a-fflush.o)
 .debug_frame   0x0000000000003c98       0x2c /usr/local/Cellar/gcc-arm-none-eabi-63/20170628/bin/../lib/gcc/arm-none-eabi/6.3.1/../../../../arm-none-eabi/lib/thumb/v7e-m/libg_nano.a(lib_a-lseekr.o)
 .debug_frame   0x0000000000003cc4       0x58 /usr/local/Cellar/gcc-arm-none-eabi-63/20170628/bin/../lib/gcc/arm-none-eabi/6.3.1/../../../../arm-none-eabi/lib/thumb/v7e-m/libg_nano.a(lib_a-makebuf.o)
 .debug_frame   0x0000000000003d1c       0x30 /usr/local/Cellar/gcc-arm-none-eabi-63/20170628/bin/../lib/gcc/arm-none-eabi/6.3.1/../../../../arm-none-eabi/lib/thumb/v7e-m/libg_nano.a(lib_a-mlock.o)
 .debug_frame   0x0000000000003d4c       0x38 /usr/local/Cellar/gcc-arm-none-eabi-63/20170628/bin/../lib/gcc/arm-none-eabi/6.3.1/../../../../arm-none-eabi/lib/thumb/v7e-m/libg_nano.a(lib_a-nano-freer.o)
 .debug_frame   0x0000000000003d84       0x2c /usr/local/Cellar/gcc-arm-none-eabi-63/20170628/bin/../lib/gcc/arm-none-eabi/6.3.1/../../../../arm-none-eabi/lib/thumb/v7e-m/libg_nano.a(lib_a-readr.o)
 .debug_frame   0x0000000000003db0       0x5c /usr/local/Cellar/gcc-arm-none-eabi-63/20170628/bin/../lib/gcc/arm-none-eabi/6.3.1/../../../../arm-none-eabi/lib/thumb/v7e-m/libg_nano.a(lib_a-reent.o)
 .debug_frame   0x0000000000003e0c       0x2c /usr/local/Cellar/gcc-arm-none-eabi-63/20170628/bin/../lib/gcc/arm-none-eabi/6.3.1/../../../../arm-none-eabi/lib/thumb/v7e-m/libg_nano.a(lib_a-fstatr.o)
 .debug_frame   0x0000000000003e38       0x2c /usr/local/Cellar/gcc-arm-none-eabi-63/20170628/bin/../lib/gcc/arm-none-eabi/6.3.1/../../../../arm-none-eabi/lib/thumb/v7e-m/libg_nano.a(lib_a-isattyr.o)
